Archive member included to satisfy reference by file (symbol)

c:/msys64/home/raido/qmk_utils/avr8-gnu-toolchain/bin/../lib/gcc/avr/5.4.0/avr5\libgcc.a(_udivmodhi4.o)
                              .build/obj_helix_rev2_froggy/quantum/color.o (__udivmodhi4)
c:/msys64/home/raido/qmk_utils/avr8-gnu-toolchain/bin/../lib/gcc/avr/5.4.0/avr5\libgcc.a(_divmodhi4.o)
                              .build/obj_helix_rev2_froggy/ssd1306.o (__divmodhi4)
c:/msys64/home/raido/qmk_utils/avr8-gnu-toolchain/bin/../lib/gcc/avr/5.4.0/avr5\libgcc.a(_exit.o)
                              c:/msys64/home/raido/qmk_utils/avr8-gnu-toolchain/bin/../lib/gcc/avr/5.4.0/../../../../avr/lib/avr5/crtatmega32u4.o (exit)
c:/msys64/home/raido/qmk_utils/avr8-gnu-toolchain/bin/../lib/gcc/avr/5.4.0/avr5\libgcc.a(_tablejump2.o)
                              .build/obj_helix_rev2_froggy/common/action.o (__tablejump2__)
c:/msys64/home/raido/qmk_utils/avr8-gnu-toolchain/bin/../lib/gcc/avr/5.4.0/avr5\libgcc.a(_copy_data.o)
                              .build/obj_helix_rev2_froggy/ssd1306.o (__do_copy_data)
c:/msys64/home/raido/qmk_utils/avr8-gnu-toolchain/bin/../lib/gcc/avr/5.4.0/avr5\libgcc.a(_clear_bss.o)
                              .build/obj_helix_rev2_froggy/i2c.o (__do_clear_bss)
c:/msys64/home/raido/qmk_utils/avr8-gnu-toolchain/bin/../lib/gcc/avr/5.4.0/../../../../avr/lib/avr5\libc.a(memchr.o)
                              .build/obj_helix_rev2_froggy/quantum/rgblight.o (memchr)
c:/msys64/home/raido/qmk_utils/avr8-gnu-toolchain/bin/../lib/gcc/avr/5.4.0/../../../../avr/lib/avr5\libc.a(memcmp.o)
                              .build/obj_helix_rev2_froggy/rev2/matrix.o (memcmp)
c:/msys64/home/raido/qmk_utils/avr8-gnu-toolchain/bin/../lib/gcc/avr/5.4.0/../../../../avr/lib/avr5\libc.a(memmove.o)
                              .build/obj_helix_rev2_froggy/ssd1306.o (memmove)
c:/msys64/home/raido/qmk_utils/avr8-gnu-toolchain/bin/../lib/gcc/avr/5.4.0/../../../../avr/lib/avr5\libc.a(memset.o)
                              .build/obj_helix_rev2_froggy/ssd1306.o (memset)
c:/msys64/home/raido/qmk_utils/avr8-gnu-toolchain/bin/../lib/gcc/avr/5.4.0/../../../../avr/lib/avr5\libc.a(memcpy.o)
                              c:/msys64/home/raido/qmk_utils/avr8-gnu-toolchain/bin/../lib/gcc/avr/5.4.0/../../../../avr/lib/avr5\libc.a(memmove.o) (memcpy)
c:/msys64/home/raido/qmk_utils/avr8-gnu-toolchain/bin/../lib/gcc/avr/5.4.0/../../../../avr/lib/avr5\libatmega32u4.a(eerd_byte.o)
                              .build/obj_helix_rev2_froggy/common/eeconfig.o (eeprom_read_byte)
c:/msys64/home/raido/qmk_utils/avr8-gnu-toolchain/bin/../lib/gcc/avr/5.4.0/../../../../avr/lib/avr5\libatmega32u4.a(eerd_dword.o)
                              .build/obj_helix_rev2_froggy/quantum/rgblight.o (eeprom_read_dword)
c:/msys64/home/raido/qmk_utils/avr8-gnu-toolchain/bin/../lib/gcc/avr/5.4.0/../../../../avr/lib/avr5\libatmega32u4.a(eerd_word.o)
                              .build/obj_helix_rev2_froggy/common/eeconfig.o (eeprom_read_word)
c:/msys64/home/raido/qmk_utils/avr8-gnu-toolchain/bin/../lib/gcc/avr/5.4.0/../../../../avr/lib/avr5\libatmega32u4.a(eeupd_byte.o)
                              .build/obj_helix_rev2_froggy/common/eeconfig.o (eeprom_update_byte)
c:/msys64/home/raido/qmk_utils/avr8-gnu-toolchain/bin/../lib/gcc/avr/5.4.0/../../../../avr/lib/avr5\libatmega32u4.a(eeupd_dword.o)
                              .build/obj_helix_rev2_froggy/quantum/rgblight.o (eeprom_update_dword)
c:/msys64/home/raido/qmk_utils/avr8-gnu-toolchain/bin/../lib/gcc/avr/5.4.0/../../../../avr/lib/avr5\libatmega32u4.a(eeupd_word.o)
                              .build/obj_helix_rev2_froggy/common/eeconfig.o (eeprom_update_word)
c:/msys64/home/raido/qmk_utils/avr8-gnu-toolchain/bin/../lib/gcc/avr/5.4.0/../../../../avr/lib/avr5\libatmega32u4.a(eerd_block.o)
                              c:/msys64/home/raido/qmk_utils/avr8-gnu-toolchain/bin/../lib/gcc/avr/5.4.0/../../../../avr/lib/avr5\libatmega32u4.a(eerd_dword.o) (eeprom_read_blraw)

Allocating common symbols
Common symbol       size              file

RGB_current_mode    0x2               .build/obj_helix_rev2_froggy/keyboards/helix/rev2/keymaps/froggy/keymap.o
rgblight_config     0x5               .build/obj_helix_rev2_froggy/quantum/rgblight.o
keybufs             0x300             .build/obj_helix_rev2_froggy/keyboards/helix/rev2/keymaps/froggy/keymap.o
USB_IsInitialized   0x1               .build/obj_helix_rev2_froggy/lib/lufa/LUFA/Drivers/USB/Core/USBTask.o
keymap_config       0x2               .build/obj_helix_rev2_froggy/common/magic.o
rgb                 0x69              .build/obj_helix_rev2_froggy/keyboards/helix/rev2/keymaps/froggy/keymap.o
USB_DeviceState     0x1               .build/obj_helix_rev2_froggy/lib/lufa/LUFA/Drivers/USB/Core/USBTask.o
display             0x57              .build/obj_helix_rev2_froggy/ssd1306.o
i2c_slave_buffer    0x10              .build/obj_helix_rev2_froggy/i2c.o
[...]
Memory Configuration

Name             Origin             Length             Attributes
text             0x00000000         0x00020000         xr
data             0x00800060         0x0000ffa0         rw !x
eeprom           0x00810000         0x00010000         rw !x
fuse             0x00820000         0x00000003         rw !x
lock             0x00830000         0x00000400         rw !x
signature        0x00840000         0x00000400         rw !x
user_signatures  0x00850000         0x00000400         rw !x
*default*        0x00000000         0xffffffff

Linker script and memory map

Address of section .data set to 0x800100
LOAD c:/msys64/home/raido/qmk_utils/avr8-gnu-toolchain/bin/../lib/gcc/avr/5.4.0/../../../../avr/lib/avr5/crtatmega32u4.o
LOAD .build/obj_helix_rev2_froggy/i2c.o
LOAD .build/obj_helix_rev2_froggy/serial.o
LOAD .build/obj_helix_rev2_froggy/ssd1306.o
LOAD .build/obj_helix_rev2_froggy/rev2/matrix.o
LOAD .build/obj_helix_rev2_froggy/rev2/split_util.o
LOAD .build/obj_helix_rev2_froggy/rev2/split_scomm.o
LOAD .build/obj_helix_rev2_froggy/keyboards/helix/helix.o
LOAD .build/obj_helix_rev2_froggy/keyboards/helix/rev2/rev2.o
LOAD .build/obj_helix_rev2_froggy/keyboards/helix/rev2/keymaps/froggy/keymap.o
LOAD .build/obj_helix_rev2_froggy/quantum/quantum.o
LOAD .build/obj_helix_rev2_froggy/quantum/keymap_common.o
LOAD .build/obj_helix_rev2_froggy/quantum/keycode_config.o
LOAD .build/obj_helix_rev2_froggy/quantum/debounce/sym_g.o
LOAD .build/obj_helix_rev2_froggy/quantum/color.o
LOAD .build/obj_helix_rev2_froggy/quantum/rgblight.o
LOAD .build/obj_helix_rev2_froggy/ws2812.o
LOAD .build/obj_helix_rev2_froggy/quantum/led_tables.o
LOAD .build/obj_helix_rev2_froggy/quantum/process_keycode/process_space_cadet.o
LOAD .build/obj_helix_rev2_froggy/common/host.o
LOAD .build/obj_helix_rev2_froggy/common/keyboard.o
LOAD .build/obj_helix_rev2_froggy/common/action.o
LOAD .build/obj_helix_rev2_froggy/common/action_tapping.o
LOAD .build/obj_helix_rev2_froggy/common/action_macro.o
LOAD .build/obj_helix_rev2_froggy/common/action_layer.o
LOAD .build/obj_helix_rev2_froggy/common/action_util.o
LOAD .build/obj_helix_rev2_froggy/common/print.o
LOAD .build/obj_helix_rev2_froggy/common/debug.o
LOAD .build/obj_helix_rev2_froggy/common/util.o
LOAD .build/obj_helix_rev2_froggy/common/eeconfig.o
LOAD .build/obj_helix_rev2_froggy/common/report.o
LOAD .build/obj_helix_rev2_froggy/common/avr/suspend.o
LOAD .build/obj_helix_rev2_froggy/common/avr/timer.o
LOAD .build/obj_helix_rev2_froggy/common/avr/bootloader.o
LOAD .build/obj_helix_rev2_froggy/common/avr/xprintf.o
LOAD .build/obj_helix_rev2_froggy/common/magic.o
LOAD .build/obj_helix_rev2_froggy/lufa.o
LOAD .build/obj_helix_rev2_froggy/usb_descriptor.o
LOAD .build/obj_helix_rev2_froggy/outputselect.o
LOAD .build/obj_helix_rev2_froggy/lib/lufa/LUFA/Drivers/USB/Class/Common/HIDParser.o
LOAD .build/obj_helix_rev2_froggy/lib/lufa/LUFA/Drivers/USB/Core/AVR8/Device_AVR8.o
LOAD .build/obj_helix_rev2_froggy/lib/lufa/LUFA/Drivers/USB/Core/AVR8/EndpointStream_AVR8.o
LOAD .build/obj_helix_rev2_froggy/lib/lufa/LUFA/Drivers/USB/Core/AVR8/Endpoint_AVR8.o
LOAD .build/obj_helix_rev2_froggy/lib/lufa/LUFA/Drivers/USB/Core/AVR8/Host_AVR8.o
LOAD .build/obj_helix_rev2_froggy/lib/lufa/LUFA/Drivers/USB/Core/AVR8/PipeStream_AVR8.o
LOAD .build/obj_helix_rev2_froggy/lib/lufa/LUFA/Drivers/USB/Core/AVR8/Pipe_AVR8.o
LOAD .build/obj_helix_rev2_froggy/lib/lufa/LUFA/Drivers/USB/Core/AVR8/USBController_AVR8.o
LOAD .build/obj_helix_rev2_froggy/lib/lufa/LUFA/Drivers/USB/Core/AVR8/USBInterrupt_AVR8.o
LOAD .build/obj_helix_rev2_froggy/lib/lufa/LUFA/Drivers/USB/Core/ConfigDescriptors.o
LOAD .build/obj_helix_rev2_froggy/lib/lufa/LUFA/Drivers/USB/Core/DeviceStandardReq.o
LOAD .build/obj_helix_rev2_froggy/lib/lufa/LUFA/Drivers/USB/Core/Events.o
LOAD .build/obj_helix_rev2_froggy/lib/lufa/LUFA/Drivers/USB/Core/HostStandardReq.o
LOAD .build/obj_helix_rev2_froggy/lib/lufa/LUFA/Drivers/USB/Core/USBTask.o
LOAD c:/msys64/home/raido/qmk_utils/avr8-gnu-toolchain/bin/../lib/gcc/avr/5.4.0/../../../../avr/lib/avr5\libm.a
START GROUP
LOAD c:/msys64/home/raido/qmk_utils/avr8-gnu-toolchain/bin/../lib/gcc/avr/5.4.0/avr5\libgcc.a
LOAD c:/msys64/home/raido/qmk_utils/avr8-gnu-toolchain/bin/../lib/gcc/avr/5.4.0/../../../../avr/lib/avr5\libm.a
LOAD c:/msys64/home/raido/qmk_utils/avr8-gnu-toolchain/bin/../lib/gcc/avr/5.4.0/../../../../avr/lib/avr5\libc.a
LOAD c:/msys64/home/raido/qmk_utils/avr8-gnu-toolchain/bin/../lib/gcc/avr/5.4.0/../../../../avr/lib/avr5\libatmega32u4.a
END GROUP
                0x00020000                __TEXT_REGION_LENGTH__ = DEFINED (__TEXT_REGION_LENGTH__)?__TEXT_REGION_LENGTH__:0x20000
                0x0000ffa0                __DATA_REGION_LENGTH__ = DEFINED (__DATA_REGION_LENGTH__)?__DATA_REGION_LENGTH__:0xffa0
                0x00010000                __EEPROM_REGION_LENGTH__ = DEFINED (__EEPROM_REGION_LENGTH__)?__EEPROM_REGION_LENGTH__:0x10000
                [0x00000003]                __FUSE_REGION_LENGTH__ = DEFINED (__FUSE_REGION_LENGTH__)?__FUSE_REGION_LENGTH__:0x400
                0x00000400                __LOCK_REGION_LENGTH__ = DEFINED (__LOCK_REGION_LENGTH__)?__LOCK_REGION_LENGTH__:0x400
                0x00000400                __SIGNATURE_REGION_LENGTH__ = DEFINED (__SIGNATURE_REGION_LENGTH__)?__SIGNATURE_REGION_LENGTH__:0x400
                0x00000400                __USER_SIGNATURE_REGION_LENGTH__ = DEFINED (__USER_SIGNATURE_REGION_LENGTH__)?__USER_SIGNATURE_REGION_LENGTH__:0x400

.hash
 *(.hash)

.dynsym
 *(.dynsym)

.dynstr
 *(.dynstr)

.gnu.version
 *(.gnu.version)

.gnu.version_d
 *(.gnu.version_d)

.gnu.version_r
 *(.gnu.version_r)

.rel.init
 *(.rel.init)

.rela.init
 *(.rela.init)

.rel.text
 *(.rel.text)
 *(.rel.text.*)
 *(.rel.gnu.linkonce.t*)

.rela.text
 *(.rela.text)
 *(.rela.text.*)
 *(.rela.gnu.linkonce.t*)

.rel.fini
 *(.rel.fini)

.rela.fini
 *(.rela.fini)

.rel.rodata
 *(.rel.rodata)
 *(.rel.rodata.*)
 *(.rel.gnu.linkonce.r*)

.rela.rodata
 *(.rela.rodata)
 *(.rela.rodata.*)
 *(.rela.gnu.linkonce.r*)

.rel.data
 *(.rel.data)
 *(.rel.data.*)
 *(.rel.gnu.linkonce.d*)

.rela.data
 *(.rela.data)
 *(.rela.data.*)
 *(.rela.gnu.linkonce.d*)

.rel.ctors
 *(.rel.ctors)

.rela.ctors
 *(.rela.ctors)

.rel.dtors
 *(.rel.dtors)

.rela.dtors
 *(.rela.dtors)

.rel.got
 *(.rel.got)

.rela.got
 *(.rela.got)

.rel.bss
 *(.rel.bss)

.rela.bss
 *(.rela.bss)

.rel.plt
 *(.rel.plt)

.rela.plt
 *(.rela.plt)

.text           0x00000000     0x6884
 *(.vectors)
 .vectors       0x00000000       0xac c:/msys64/home/raido/qmk_utils/avr8-gnu-toolchain/bin/../lib/gcc/avr/5.4.0/../../../../avr/lib/avr5/crtatmega32u4.o
                0x00000000                __vector_default
                0x00000000                __vectors
 *(.vectors)
 *(.progmem.gcc*)
 .progmem.gcc_sw_table.process_action
                0x000000ac       0x20 .build/obj_helix_rev2_froggy/common/action.o
 .progmem.gcc_sw_table.is_tap_action
                0x000000cc       0x1c .build/obj_helix_rev2_froggy/common/action.o
 .progmem.gcc_sw_table.USB_Device_ProcessControlRequest
                0x000000e8       0x14 .build/obj_helix_rev2_froggy/lib/lufa/LUFA/Drivers/USB/Core/DeviceStandardReq.o
                0x000000fc                . = ALIGN (0x2)
                0x000000fc                __trampolines_start = .
 *(.trampolines)
 .trampolines   0x000000fc        0x0 linker stubs
 *(.trampolines*)
                0x000000fc                __trampolines_end = .
 *libprintf_flt.a:*(.progmem.data)
 *libc.a:*(.progmem.data)
 *(.progmem*)
 .progmem.data.font
                0x000000fc      0x540 .build/obj_helix_rev2_froggy/ssd1306.o
 .progmem.data.__c.6405
                0x0000063c        0x6 .build/obj_helix_rev2_froggy/keyboards/helix/rev2/keymaps/froggy/keymap.o
 .progmem.data.__c.6402
                0x00000642        0x6 .build/obj_helix_rev2_froggy/keyboards/helix/rev2/keymaps/froggy/keymap.o
 .progmem.data.__c.6399
                0x00000648        0x6 .build/obj_helix_rev2_froggy/keyboards/helix/rev2/keymaps/froggy/keymap.o
 .progmem.data.__c.6396
                0x0000064e        0x2 .build/obj_helix_rev2_froggy/keyboards/helix/rev2/keymaps/froggy/keymap.o
 .progmem.data.keymaps
                0x00000650      0x2bc .build/obj_helix_rev2_froggy/keyboards/helix/rev2/keymaps/froggy/keymap.o
                0x00000650                keymaps
 .progmem.data.ascii_to_keycode_lut
                0x0000090c       0x80 .build/obj_helix_rev2_froggy/quantum/quantum.o
                0x0000090c                ascii_to_keycode_lut
 .progmem.data.ascii_to_altgr_lut
                0x0000098c       0x80 .build/obj_helix_rev2_froggy/quantum/quantum.o
                0x0000098c                ascii_to_altgr_lut
 .progmem.data.ascii_to_shift_lut
                0x00000a0c       0x80 .build/obj_helix_rev2_froggy/quantum/quantum.o
                0x00000a0c                ascii_to_shift_lut
 .progmem.data.fn_actions
                0x00000a8c        0x0 .build/obj_helix_rev2_froggy/quantum/keymap_common.o
                0x00000a8c                fn_actions
 .progmem.data.RGBLED_KNIGHT_INTERVALS
                0x00000a8c        0x3 .build/obj_helix_rev2_froggy/quantum/rgblight.o
                0x00000a8c                RGBLED_KNIGHT_INTERVALS
 .progmem.data.RGBLED_SNAKE_INTERVALS
                0x00000a8f        0x3 .build/obj_helix_rev2_froggy/quantum/rgblight.o
                0x00000a8f                RGBLED_SNAKE_INTERVALS
 .progmem.data.RGBLED_RAINBOW_SWIRL_INTERVALS
                0x00000a92        0x3 .build/obj_helix_rev2_froggy/quantum/rgblight.o
                0x00000a92                RGBLED_RAINBOW_SWIRL_INTERVALS
 .progmem.data.RGBLED_RAINBOW_MOOD_INTERVALS
                0x00000a95        0x3 .build/obj_helix_rev2_froggy/quantum/rgblight.o
                0x00000a95                RGBLED_RAINBOW_MOOD_INTERVALS
 .progmem.data.RGBLED_BREATHING_INTERVALS
                0x00000a98        0x4 .build/obj_helix_rev2_froggy/quantum/rgblight.o
                0x00000a98                RGBLED_BREATHING_INTERVALS
 .progmem.data.rgblight_effect_breathe_table
                0x00000a9c      0x100 .build/obj_helix_rev2_froggy/quantum/rgblight.o
                0x00000a9c                rgblight_effect_breathe_table
 .progmem.data.RGBLED_GRADIENT_RANGES
                0x00000b9c        0x5 .build/obj_helix_rev2_froggy/quantum/rgblight.o
                0x00000b9c                RGBLED_GRADIENT_RANGES
 .progmem.data.CIE1931_CURVE
                0x00000ba1      0x100 .build/obj_helix_rev2_froggy/quantum/led_tables.o
                0x00000ba1                CIE1931_CURVE
 .progmem.data.SerialNumberString
                0x00000ca1        0x6 .build/obj_helix_rev2_froggy/usb_descriptor.o
                0x00000ca1                SerialNumberString
 .progmem.data.ProductString
                0x00000ca7       0x18 .build/obj_helix_rev2_froggy/usb_descriptor.o
                0x00000ca7                ProductString
 .progmem.data.ManufacturerString
                0x00000cbf       0x16 .build/obj_helix_rev2_froggy/usb_descriptor.o
                0x00000cbf                ManufacturerString
 .progmem.data.LanguageString
                0x00000cd5        0x4 .build/obj_helix_rev2_froggy/usb_descriptor.o
                0x00000cd5                LanguageString
 .progmem.data.ConfigurationDescriptor
                0x00000cd9       0x22 .build/obj_helix_rev2_froggy/usb_descriptor.o
                0x00000cd9                ConfigurationDescriptor
 .progmem.data.DeviceDescriptor
                0x00000cfb       0x12 .build/obj_helix_rev2_froggy/usb_descriptor.o
                0x00000cfb                DeviceDescriptor
 .progmem.data.KeyboardReport
                0x00000d0d       0x40 .build/obj_helix_rev2_froggy/usb_descriptor.o
                0x00000d0d                KeyboardReport
                0x00000d4e                . = ALIGN (0x2)
 *fill*         0x00000d4d        0x1 
 *(.jumptables)
 *(.jumptables*)
 *(.lowtext)
 *(.lowtext*)
                0x00000d4e                __ctors_start = .
 *(.ctors)
                0x00000d4e                __ctors_end = .
                0x00000d4e                __dtors_start = .
 *(.dtors)
                0x00000d4e                __dtors_end = .
 SORT(*)(.ctors)
 SORT(*)(.dtors)
 *(.init0)
 .init0         0x00000d4e        0x0 c:/msys64/home/raido/qmk_utils/avr8-gnu-toolchain/bin/../lib/gcc/avr/5.4.0/../../../../avr/lib/avr5/crtatmega32u4.o
                0x00000d4e                __init
 *(.init0)
 *(.init1)
 *(.init1)
 *(.init2)
 .init2         0x00000d4e        0xc c:/msys64/home/raido/qmk_utils/avr8-gnu-toolchain/bin/../lib/gcc/avr/5.4.0/../../../../avr/lib/avr5/crtatmega32u4.o
 *(.init2)
 *(.init3)
 .init3         0x00000d5a       0x54 .build/obj_helix_rev2_froggy/common/avr/bootloader.o
                0x00000d5a                bootloader_jump_after_watchdog_reset
 *(.init3)
 *(.init4)
 .init4         0x00000dae       0x16 c:/msys64/home/raido/qmk_utils/avr8-gnu-toolchain/bin/../lib/gcc/avr/5.4.0/avr5\libgcc.a(_copy_data.o)
                0x00000dae                __do_copy_data
 .init4         0x00000dc4       0x10 c:/msys64/home/raido/qmk_utils/avr8-gnu-toolchain/bin/../lib/gcc/avr/5.4.0/avr5\libgcc.a(_clear_bss.o)
                0x00000dc4                __do_clear_bss
 *(.init4)
 *(.init5)
 *(.init5)
 *(.init6)
 *(.init6)
 *(.init7)
 *(.init7)
 *(.init8)
 *(.init8)
 *(.init9)
 .init9         0x00000dd4        0x8 c:/msys64/home/raido/qmk_utils/avr8-gnu-toolchain/bin/../lib/gcc/avr/5.4.0/../../../../avr/lib/avr5/crtatmega32u4.o
 *(.init9)
 *(.text)
 .text          0x00000ddc        0x4 c:/msys64/home/raido/qmk_utils/avr8-gnu-toolchain/bin/../lib/gcc/avr/5.4.0/../../../../avr/lib/avr5/crtatmega32u4.o
                0x00000ddc                __vector_38
                0x00000ddc                __vector_22
                0x00000ddc                __vector_28
                0x00000ddc                __vector_1
                0x00000ddc                __vector_32
                0x00000ddc                __vector_34
                0x00000ddc                __vector_24
                0x00000ddc                __bad_interrupt
                0x00000ddc                __vector_6
                0x00000ddc                __vector_31
                0x00000ddc                __vector_35
                0x00000ddc                __vector_39
                0x00000ddc                __vector_23
                0x00000ddc                __vector_30
                0x00000ddc                __vector_25
                0x00000ddc                __vector_13
                0x00000ddc                __vector_17
                0x00000ddc                __vector_19
                0x00000ddc                __vector_7
                0x00000ddc                __vector_41
                0x00000ddc                __vector_27
                0x00000ddc                __vector_5
                0x00000ddc                __vector_33
                0x00000ddc                __vector_37
                0x00000ddc                __vector_4
                0x00000ddc                __vector_9
                0x00000ddc                __vector_2
                0x00000ddc                __vector_15
                0x00000ddc                __vector_29
                0x00000ddc                __vector_40
                0x00000ddc                __vector_8
                0x00000ddc                __vector_26
                0x00000ddc                __vector_14
                0x00000ddc                __vector_16
                0x00000ddc                __vector_18
                0x00000ddc                __vector_20
                0x00000ddc                __vector_42
                0x00000de0                . = ALIGN (0x2)
 *(.text.*)
 .text.i2c_delay
                0x00000de0       0x12 .build/obj_helix_rev2_froggy/i2c.o
 .text.i2c_master_init
                0x00000df2        0xc .build/obj_helix_rev2_froggy/i2c.o
                0x00000df2                i2c_master_init
 .text.i2c_master_start
                0x00000dfe       0x4e .build/obj_helix_rev2_froggy/i2c.o
                0x00000dfe                i2c_master_start
 .text.i2c_master_stop
                0x00000e4c       0x18 .build/obj_helix_rev2_froggy/i2c.o
                0x00000e4c                i2c_master_stop
 .text.i2c_master_write
                0x00000e64       0x1e .build/obj_helix_rev2_froggy/i2c.o
                0x00000e64                i2c_master_write
 .text.__vector_36
                0x00000e82       0xc0 .build/obj_helix_rev2_froggy/i2c.o
                0x00000e82                __vector_36
 .text.sync_recv
                0x00000f42       0x10 .build/obj_helix_rev2_froggy/serial.o
 .text.sync_send
                0x00000f52        0xc .build/obj_helix_rev2_froggy/serial.o
 .text.serial_read_chunk
                0x00000f5e       0x54 .build/obj_helix_rev2_froggy/serial.o
 .text.serial_recive_packet
                0x00000fb2       0x50 .build/obj_helix_rev2_froggy/serial.o
 .text.soft_serial_initiator_init
                0x00001002       0x12 .build/obj_helix_rev2_froggy/serial.o
                0x00001002                soft_serial_initiator_init
 .text.soft_serial_target_init
                0x00001014       0x1e .build/obj_helix_rev2_froggy/serial.o
                0x00001014                soft_serial_target_init
 .text.serial_write_chunk
                0x00001032       0x40 .build/obj_helix_rev2_froggy/serial.o
                0x00001032                serial_write_chunk
 .text.serial_send_packet
                0x00001072       0x34 .build/obj_helix_rev2_froggy/serial.o
 .text.__vector_3
                0x000010a6      0x120 .build/obj_helix_rev2_froggy/serial.o
                0x000010a6                __vector_3
 .text.soft_serial_transaction
                0x000011c6      0x106 .build/obj_helix_rev2_froggy/serial.o
                0x000011c6                soft_serial_transaction
 .text._send_cmd1
                0x000012cc       0x2e .build/obj_helix_rev2_froggy/ssd1306.o
 .text._send_cmd2
                0x000012fa       0x1a .build/obj_helix_rev2_froggy/ssd1306.o
 .text._send_cmd3.constprop.1
                0x00001314       0x24 .build/obj_helix_rev2_froggy/ssd1306.o
 .text.iota_gfx_off
                0x00001338        0x6 .build/obj_helix_rev2_froggy/ssd1306.o
                0x00001338                iota_gfx_off
 .text.iota_gfx_on
                0x0000133e        0x6 .build/obj_helix_rev2_froggy/ssd1306.o
                0x0000133e                iota_gfx_on
 .text.matrix_write_char_inner
                0x00001344       0x68 .build/obj_helix_rev2_froggy/ssd1306.o
                0x00001344                matrix_write_char_inner
 .text.matrix_write_char
                0x000013ac       0x4c .build/obj_helix_rev2_froggy/ssd1306.o
                0x000013ac                matrix_write_char
 .text.matrix_write
                0x000013f8       0x3c .build/obj_helix_rev2_froggy/ssd1306.o
                0x000013f8                matrix_write
 .text.matrix_clear
                0x00001434       0x2a .build/obj_helix_rev2_froggy/ssd1306.o
                0x00001434                matrix_clear
 .text.matrix_render
                0x0000145e       0xc8 .build/obj_helix_rev2_froggy/ssd1306.o
                0x0000145e                matrix_render
 .text.iota_gfx_flush
                0x00001526        0x8 .build/obj_helix_rev2_froggy/ssd1306.o
                0x00001526                iota_gfx_flush
 .text.iota_gfx_init
                0x0000152e      0x154 .build/obj_helix_rev2_froggy/ssd1306.o
                0x0000152e                iota_gfx_init
 .text.iota_gfx_task
                0x00001682       0x34 .build/obj_helix_rev2_froggy/ssd1306.o
                0x00001682                iota_gfx_task
 .text.process_record_gfx
                0x000016b6        0x8 .build/obj_helix_rev2_froggy/ssd1306.o
                0x000016b6                process_record_gfx
 .text.unselect_rows
                0x000016be       0x46 .build/obj_helix_rev2_froggy/rev2/matrix.o
 .text.matrix_scan_kb
                0x00001704        0x4 .build/obj_helix_rev2_froggy/rev2/matrix.o
                0x00001704                matrix_scan_kb
 .text.matrix_init
                0x00001708       0x72 .build/obj_helix_rev2_froggy/rev2/matrix.o
                0x00001708                matrix_init
 .text._matrix_scan
                0x0000177a      0x132 .build/obj_helix_rev2_froggy/rev2/matrix.o
                0x0000177a                _matrix_scan
 .text.serial_transaction
                0x000018ac       0x4c .build/obj_helix_rev2_froggy/rev2/matrix.o
                0x000018ac                serial_transaction
 .text.matrix_slave_scan
                0x000018f8       0x46 .build/obj_helix_rev2_froggy/rev2/matrix.o
                0x000018f8                matrix_slave_scan
 .text.matrix_scan
                0x0000193e       0xc0 .build/obj_helix_rev2_froggy/rev2/matrix.o
                0x0000193e                matrix_scan
 .text.matrix_get_row
                0x000019fe        0xc .build/obj_helix_rev2_froggy/rev2/matrix.o
                0x000019fe                matrix_get_row
 .text.matrix_print
                0x00001a0a        0x2 .build/obj_helix_rev2_froggy/rev2/matrix.o
                0x00001a0a                matrix_print
 .text.has_usb  0x00001a0c       0x1a .build/obj_helix_rev2_froggy/rev2/split_util.o
                0x00001a0c                has_usb
 .text.split_keyboard_setup
                0x00001a26       0x1e .build/obj_helix_rev2_froggy/rev2/split_util.o
                0x00001a26                split_keyboard_setup
 .text.matrix_setup
                0x00001a44        0x4 .build/obj_helix_rev2_froggy/rev2/split_util.o
                0x00001a44                matrix_setup
 .text.serial_master_init
                0x00001a48        0xc .build/obj_helix_rev2_froggy/rev2/split_scomm.o
                0x00001a48                serial_master_init
 .text.serial_slave_init
                0x00001a54        0xc .build/obj_helix_rev2_froggy/rev2/split_scomm.o
                0x00001a54                serial_slave_init
 .text.serial_update_buffers
                0x00001a60       0x7e .build/obj_helix_rev2_froggy/rev2/split_scomm.o
                0x00001a60                serial_update_buffers
 .text.process_record_kb
                0x00001ade       0x2e .build/obj_helix_rev2_froggy/keyboards/helix/rev2/rev2.o
                0x00001ade                process_record_kb
 .text.led_set_kb
                0x00001b0c        0x2 .build/obj_helix_rev2_froggy/keyboards/helix/rev2/rev2.o
                0x00001b0c                led_set_kb
 .text.matrix_init_kb
                0x00001b0e        0x4 .build/obj_helix_rev2_froggy/keyboards/helix/rev2/rev2.o
                0x00001b0e                matrix_init_kb
 .text.find_mairix
                0x00001b12       0x56 .build/obj_helix_rev2_froggy/keyboards/helix/rev2/keymaps/froggy/keymap.o
                0x00001b12                find_mairix
 .text.unregister_delay_code
                0x00001b68       0x62 .build/obj_helix_rev2_froggy/keyboards/helix/rev2/keymaps/froggy/keymap.o
                0x00001b68                unregister_delay_code
 .text.register_delay_code
                0x00001bca       0x82 .build/obj_helix_rev2_froggy/keyboards/helix/rev2/keymaps/froggy/keymap.o
                0x00001bca                register_delay_code
 .text.process_record_user
                0x00001c4c      0x456 .build/obj_helix_rev2_froggy/keyboards/helix/rev2/keymaps/froggy/keymap.o
                0x00001c4c                process_record_user
 .text.matrix_init_user
                0x000020a2       0x1c .build/obj_helix_rev2_froggy/keyboards/helix/rev2/keymaps/froggy/keymap.o
                0x000020a2                matrix_init_user
 .text.led_ripple_effect
                0x000020be      0x29e .build/obj_helix_rev2_froggy/keyboards/helix/rev2/keymaps/froggy/keymap.o
                0x000020be                led_ripple_effect
 .text.matrix_scan_user
                0x0000235c      0x102 .build/obj_helix_rev2_froggy/keyboards/helix/rev2/keymaps/froggy/keymap.o
                0x0000235c                matrix_scan_user
 .text.matrix_update
                0x0000245e       0x38 .build/obj_helix_rev2_froggy/keyboards/helix/rev2/keymaps/froggy/keymap.o
                0x0000245e                matrix_update
 .text.render_status
                0x00002496      0x17c .build/obj_helix_rev2_froggy/keyboards/helix/rev2/keymaps/froggy/keymap.o
                0x00002496                render_status
 .text.iota_gfx_task_user
                0x00002612       0x50 .build/obj_helix_rev2_froggy/keyboards/helix/rev2/keymaps/froggy/keymap.o
                0x00002612                iota_gfx_task_user
 .text.process_action_kb
                0x00002662        0x4 .build/obj_helix_rev2_froggy/quantum/quantum.o
                0x00002662                process_action_kb
 .text.get_event_keycode
                0x00002666       0x62 .build/obj_helix_rev2_froggy/quantum/quantum.o
                0x00002666                get_event_keycode
 .text.get_record_keycode
                0x000026c8       0x10 .build/obj_helix_rev2_froggy/quantum/quantum.o
                0x000026c8                get_record_keycode
 .text.send_char
                0x000026d8       0x5c .build/obj_helix_rev2_froggy/quantum/quantum.o
                0x000026d8                send_char
 .text.send_string_with_delay_P
                0x00002734       0x74 .build/obj_helix_rev2_froggy/quantum/quantum.o
                0x00002734                send_string_with_delay_P
 .text.send_string_P
                0x000027a8        0x6 .build/obj_helix_rev2_froggy/quantum/quantum.o
                0x000027a8                send_string_P
 .text.matrix_init_quantum
                0x000027ae       0x10 .build/obj_helix_rev2_froggy/quantum/quantum.o
                0x000027ae                matrix_init_quantum
 .text.matrix_scan_quantum
                0x000027be        0x4 .build/obj_helix_rev2_froggy/quantum/quantum.o
                0x000027be                matrix_scan_quantum
 .text.led_set  0x000027c2        0x4 .build/obj_helix_rev2_froggy/quantum/quantum.o
                0x000027c2                led_set
 .text.shutdown_user
                0x000027c6        0x2 .build/obj_helix_rev2_froggy/quantum/quantum.o
                0x000027c6                shutdown_user
 .text.reset_keyboard
                0x000027c8       0x2a .build/obj_helix_rev2_froggy/quantum/quantum.o
                0x000027c8                reset_keyboard
 .text.process_record_quantum
                0x000027f2      0x570 .build/obj_helix_rev2_froggy/quantum/quantum.o
                0x000027f2                process_record_quantum
 .text.action_get_macro
                0x00002d62        0x6 .build/obj_helix_rev2_froggy/quantum/keymap_common.o
                0x00002d62                action_get_macro
 .text.action_function
                0x00002d68        0x2 .build/obj_helix_rev2_froggy/quantum/keymap_common.o
                0x00002d68                action_function
 .text.keymap_key_to_keycode
                0x00002d6a       0x26 .build/obj_helix_rev2_froggy/quantum/keymap_common.o
                0x00002d6a                keymap_key_to_keycode
 .text.keymap_function_id_to_action
                0x00002d90       0x10 .build/obj_helix_rev2_froggy/quantum/keymap_common.o
                0x00002d90                keymap_function_id_to_action
 .text.action_for_key
                0x00002da0      0x374 .build/obj_helix_rev2_froggy/quantum/keymap_common.o
                0x00002da0                action_for_key
 .text.keycode_config
                0x00003114      0x128 .build/obj_helix_rev2_froggy/quantum/keycode_config.o
                0x00003114                keycode_config
 .text.mod_config
                0x0000323c       0x86 .build/obj_helix_rev2_froggy/quantum/keycode_config.o
                0x0000323c                mod_config
 .text.hsv_to_rgb
                0x000032c2      0x116 .build/obj_helix_rev2_froggy/quantum/color.o
                0x000032c2                hsv_to_rgb
 .text.rgblight_effect_dummy
                0x000033d8        0x2 .build/obj_helix_rev2_froggy/quantum/rgblight.o
 .text.sethsv_raw
                0x000033da       0x1c .build/obj_helix_rev2_froggy/quantum/rgblight.o
                0x000033da                sethsv_raw
 .text.sethsv   0x000033f6        0xa .build/obj_helix_rev2_froggy/quantum/rgblight.o
                0x000033f6                sethsv
 .text.rgblight_check_config
                0x00003400       0x34 .build/obj_helix_rev2_froggy/quantum/rgblight.o
                0x00003400                rgblight_check_config
 .text.eeconfig_read_rgblight
                0x00003434        0x8 .build/obj_helix_rev2_froggy/quantum/rgblight.o
                0x00003434                eeconfig_read_rgblight
 .text.eeconfig_update_rgblight
                0x0000343c       0x24 .build/obj_helix_rev2_froggy/quantum/rgblight.o
                0x0000343c                eeconfig_update_rgblight
 .text.eeconfig_update_rgblight_default
                0x00003460       0x20 .build/obj_helix_rev2_froggy/quantum/rgblight.o
                0x00003460                eeconfig_update_rgblight_default
 .text.rgblight_get_mode
                0x00003480       0x10 .build/obj_helix_rev2_froggy/quantum/rgblight.o
                0x00003480                rgblight_get_mode
 .text.rgblight_increase_speed
                0x00003490       0x22 .build/obj_helix_rev2_froggy/quantum/rgblight.o
                0x00003490                rgblight_increase_speed
 .text.rgblight_decrease_speed
                0x000034b2       0x22 .build/obj_helix_rev2_froggy/quantum/rgblight.o
                0x000034b2                rgblight_decrease_speed
 .text.rgblight_set
                0x000034d4       0x4a .build/obj_helix_rev2_froggy/quantum/rgblight.o
                0x000034d4                rgblight_set
 .text.rgblight_setrgb
                0x0000351e       0x36 .build/obj_helix_rev2_froggy/quantum/rgblight.o
                0x0000351e                rgblight_setrgb
 .text.rgblight_sethsv_noeeprom_old
                0x00003554       0x34 .build/obj_helix_rev2_froggy/quantum/rgblight.o
                0x00003554                rgblight_sethsv_noeeprom_old
 .text.rgblight_effect_breathing
                0x00003588       0x28 .build/obj_helix_rev2_froggy/quantum/rgblight.o
                0x00003588                rgblight_effect_breathing
 .text.rgblight_effect_rainbow_mood
                0x000035b0       0x20 .build/obj_helix_rev2_froggy/quantum/rgblight.o
                0x000035b0                rgblight_effect_rainbow_mood
 .text.rgblight_sethsv_eeprom_helper
                0x000035d0      0x122 .build/obj_helix_rev2_froggy/quantum/rgblight.o
                0x000035d0                rgblight_sethsv_eeprom_helper
 .text.rgblight_increase_hue_helper
                0x000036f2       0x14 .build/obj_helix_rev2_froggy/quantum/rgblight.o
                0x000036f2                rgblight_increase_hue_helper
 .text.rgblight_increase_hue
                0x00003706        0x6 .build/obj_helix_rev2_froggy/quantum/rgblight.o
                0x00003706                rgblight_increase_hue
 .text.rgblight_decrease_hue_helper
                0x0000370c       0x14 .build/obj_helix_rev2_froggy/quantum/rgblight.o
                0x0000370c                rgblight_decrease_hue_helper
 .text.rgblight_decrease_hue
                0x00003720        0x6 .build/obj_helix_rev2_froggy/quantum/rgblight.o
                0x00003720                rgblight_decrease_hue
 .text.rgblight_increase_sat_helper
                0x00003726       0x18 .build/obj_helix_rev2_froggy/quantum/rgblight.o
                0x00003726                rgblight_increase_sat_helper
 .text.rgblight_increase_sat
                0x0000373e        0x6 .build/obj_helix_rev2_froggy/quantum/rgblight.o
                0x0000373e                rgblight_increase_sat
 .text.rgblight_decrease_sat_helper
                0x00003744       0x18 .build/obj_helix_rev2_froggy/quantum/rgblight.o
                0x00003744                rgblight_decrease_sat_helper
 .text.rgblight_decrease_sat
                0x0000375c        0x6 .build/obj_helix_rev2_froggy/quantum/rgblight.o
                0x0000375c                rgblight_decrease_sat
 .text.rgblight_increase_val_helper
                0x00003762       0x18 .build/obj_helix_rev2_froggy/quantum/rgblight.o
                0x00003762                rgblight_increase_val_helper
 .text.rgblight_increase_val
                0x0000377a        0x6 .build/obj_helix_rev2_froggy/quantum/rgblight.o
                0x0000377a                rgblight_increase_val
 .text.rgblight_decrease_val_helper
                0x00003780       0x18 .build/obj_helix_rev2_froggy/quantum/rgblight.o
                0x00003780                rgblight_decrease_val_helper
 .text.rgblight_decrease_val
                0x00003798        0x6 .build/obj_helix_rev2_froggy/quantum/rgblight.o
                0x00003798                rgblight_decrease_val
 .text.rgblight_sethsv_noeeprom
                0x0000379e        0x6 .build/obj_helix_rev2_froggy/quantum/rgblight.o
                0x0000379e                rgblight_sethsv_noeeprom
 .text.rgblight_effect_rainbow_swirl
                0x000037a4       0x76 .build/obj_helix_rev2_froggy/quantum/rgblight.o
                0x000037a4                rgblight_effect_rainbow_swirl
 .text.rgblight_effect_snake
                0x0000381a       0xea .build/obj_helix_rev2_froggy/quantum/rgblight.o
                0x0000381a                rgblight_effect_snake
 .text.rgblight_effect_knight
                0x00003904       0xe4 .build/obj_helix_rev2_froggy/quantum/rgblight.o
                0x00003904                rgblight_effect_knight
 .text.rgblight_effect_christmas
                0x000039e8       0x72 .build/obj_helix_rev2_froggy/quantum/rgblight.o
                0x000039e8                rgblight_effect_christmas
 .text.rgblight_disable
                0x00003a5a       0x30 .build/obj_helix_rev2_froggy/quantum/rgblight.o
                0x00003a5a                rgblight_disable
 .text.rgblight_timer_enable
                0x00003a8a       0x2c .build/obj_helix_rev2_froggy/quantum/rgblight.o
                0x00003a8a                rgblight_timer_enable
 .text.rgblight_mode_eeprom_helper
                0x00003ab6       0x74 .build/obj_helix_rev2_froggy/quantum/rgblight.o
                0x00003ab6                rgblight_mode_eeprom_helper
 .text.rgblight_step_helper
                0x00003b2a       0x16 .build/obj_helix_rev2_froggy/quantum/rgblight.o
                0x00003b2a                rgblight_step_helper
 .text.rgblight_step
                0x00003b40        0x6 .build/obj_helix_rev2_froggy/quantum/rgblight.o
                0x00003b40                rgblight_step
 .text.rgblight_step_reverse_helper
                0x00003b46       0x14 .build/obj_helix_rev2_froggy/quantum/rgblight.o
                0x00003b46                rgblight_step_reverse_helper
 .text.rgblight_step_reverse
                0x00003b5a        0x6 .build/obj_helix_rev2_froggy/quantum/rgblight.o
                0x00003b5a                rgblight_step_reverse
 .text.rgblight_mode
                0x00003b60        0x6 .build/obj_helix_rev2_froggy/quantum/rgblight.o
                0x00003b60                rgblight_mode
 .text.rgblight_enable
                0x00003b66       0x10 .build/obj_helix_rev2_froggy/quantum/rgblight.o
                0x00003b66                rgblight_enable
 .text.rgblight_toggle
                0x00003b76        0xe .build/obj_helix_rev2_froggy/quantum/rgblight.o
                0x00003b76                rgblight_toggle
 .text.rgblight_mode_noeeprom
                0x00003b84        0x6 .build/obj_helix_rev2_froggy/quantum/rgblight.o
                0x00003b84                rgblight_mode_noeeprom
 .text.rgblight_init
                0x00003b8a       0x70 .build/obj_helix_rev2_froggy/quantum/rgblight.o
                0x00003b8a                rgblight_init
 .text.rgblight_enable_noeeprom
                0x00003bfa       0x10 .build/obj_helix_rev2_froggy/quantum/rgblight.o
                0x00003bfa                rgblight_enable_noeeprom
 .text.rgblight_task
                0x00003c0a      0x114 .build/obj_helix_rev2_froggy/quantum/rgblight.o
                0x00003c0a                rgblight_task
 .text.ws2812_sendarray_mask
                0x00003d1e       0x42 .build/obj_helix_rev2_froggy/ws2812.o
                0x00003d1e                ws2812_sendarray_mask
 .text.ws2812_setleds_pin
                0x00003d60       0x22 .build/obj_helix_rev2_froggy/ws2812.o
                0x00003d60                ws2812_setleds_pin
 .text.ws2812_setleds
                0x00003d82        0x6 .build/obj_helix_rev2_froggy/ws2812.o
                0x00003d82                ws2812_setleds
 .text.perform_space_cadet
                0x00003d88       0xe8 .build/obj_helix_rev2_froggy/quantum/process_keycode/process_space_cadet.o
                0x00003d88                perform_space_cadet
 .text.process_space_cadet
                0x00003e70       0x82 .build/obj_helix_rev2_froggy/quantum/process_keycode/process_space_cadet.o
                0x00003e70                process_space_cadet
 .text.host_set_driver
                0x00003ef2        0xa .build/obj_helix_rev2_froggy/common/host.o
                0x00003ef2                host_set_driver
 .text.host_keyboard_leds
                0x00003efc       0x18 .build/obj_helix_rev2_froggy/common/host.o
                0x00003efc                host_keyboard_leds
 .text.host_keyboard_send
                0x00003f14       0x16 .build/obj_helix_rev2_froggy/common/host.o
                0x00003f14                host_keyboard_send
 .text.host_system_send
                0x00003f2a       0x2c .build/obj_helix_rev2_froggy/common/host.o
                0x00003f2a                host_system_send
 .text.host_consumer_send
                0x00003f56       0x2c .build/obj_helix_rev2_froggy/common/host.o
                0x00003f56                host_consumer_send
 .text.disable_jtag
                0x00003f82        0xe .build/obj_helix_rev2_froggy/common/keyboard.o
                0x00003f82                disable_jtag
 .text.keyboard_post_init_user
                0x00003f90        0x2 .build/obj_helix_rev2_froggy/common/keyboard.o
                0x00003f90                keyboard_post_init_user
 .text.keyboard_pre_init_user
                0x00003f92        0x4 .build/obj_helix_rev2_froggy/common/keyboard.o
                0x00003f92                keyboard_pre_init_user
 .text.keyboard_pre_init_kb
                0x00003f96        0x4 .build/obj_helix_rev2_froggy/common/keyboard.o
                0x00003f96                keyboard_pre_init_kb
 .text.keyboard_post_init_kb
                0x00003f9a        0x4 .build/obj_helix_rev2_froggy/common/keyboard.o
                0x00003f9a                keyboard_post_init_kb
 .text.keyboard_setup
                0x00003f9e        0xc .build/obj_helix_rev2_froggy/common/keyboard.o
                0x00003f9e                keyboard_setup
 .text.is_keyboard_master
                0x00003faa        0x4 .build/obj_helix_rev2_froggy/common/keyboard.o
                0x00003faa                is_keyboard_master
 .text.keyboard_init
                0x00003fae       0x14 .build/obj_helix_rev2_froggy/common/keyboard.o
                0x00003fae                keyboard_init
 .text.keyboard_task
                0x00003fc2      0x14e .build/obj_helix_rev2_froggy/common/keyboard.o
                0x00003fc2                keyboard_task
 .text.action_exec
                0x00004110       0x74 .build/obj_helix_rev2_froggy/common/action.o
                0x00004110                action_exec
 .text.process_record_tap_hint
                0x00004184        0xc .build/obj_helix_rev2_froggy/common/action.o
                0x00004184                process_record_tap_hint
 .text.register_code
                0x00004190      0x186 .build/obj_helix_rev2_froggy/common/action.o
                0x00004190                register_code
 .text.unregister_code
                0x00004316       0x58 .build/obj_helix_rev2_froggy/common/action.o
                0x00004316                unregister_code
 .text.tap_code
                0x0000436e       0x26 .build/obj_helix_rev2_froggy/common/action.o
                0x0000436e                tap_code
 .text.register_mods
                0x00004394        0xe .build/obj_helix_rev2_froggy/common/action.o
                0x00004394                register_mods
 .text.unregister_mods
                0x000043a2        0xe .build/obj_helix_rev2_froggy/common/action.o
                0x000043a2                unregister_mods
 .text.process_action
                0x000043b0      0x448 .build/obj_helix_rev2_froggy/common/action.o
                0x000043b0                process_action
 .text.process_record
                0x000047f8       0x5c .build/obj_helix_rev2_froggy/common/action.o
                0x000047f8                process_record
 .text.clear_keyboard_but_mods_and_keys
                0x00004854        0xc .build/obj_helix_rev2_froggy/common/action.o
                0x00004854                clear_keyboard_but_mods_and_keys
 .text.clear_keyboard_but_mods
                0x00004860       0x10 .build/obj_helix_rev2_froggy/common/action.o
                0x00004860                clear_keyboard_but_mods
 .text.clear_keyboard
                0x00004870        0x8 .build/obj_helix_rev2_froggy/common/action.o
                0x00004870                clear_keyboard
 .text.is_tap_action
                0x00004878       0x48 .build/obj_helix_rev2_froggy/common/action.o
                0x00004878                is_tap_action
 .text.is_tap_key
                0x000048c0        0xa .build/obj_helix_rev2_froggy/common/action.o
                0x000048c0                is_tap_key
 .text.debug_event
                0x000048ca       0x1e .build/obj_helix_rev2_froggy/common/action.o
                0x000048ca                debug_event
 .text.debug_record
                0x000048e8       0x20 .build/obj_helix_rev2_froggy/common/action.o
                0x000048e8                debug_record
 .text.debug_waiting_buffer
                0x00004908       0x42 .build/obj_helix_rev2_froggy/common/action_tapping.o
 .text.debug_tapping_key
                0x0000494a       0x1c .build/obj_helix_rev2_froggy/common/action_tapping.o
 .text.waiting_buffer_scan_tap
                0x00004966       0xd0 .build/obj_helix_rev2_froggy/common/action_tapping.o
 .text.process_tapping
                0x00004a36      0x39a .build/obj_helix_rev2_froggy/common/action_tapping.o
 .text.action_tapping_process
                0x00004dd0      0x15c .build/obj_helix_rev2_froggy/common/action_tapping.o
                0x00004dd0                action_tapping_process
 .text.action_macro_play
                0x00004f2c       0xfa .build/obj_helix_rev2_froggy/common/action_macro.o
                0x00004f2c                action_macro_play
 .text.default_layer_debug
                0x00005026        0x2 .build/obj_helix_rev2_froggy/common/action_layer.o
                0x00005026                default_layer_debug
 .text.layer_state_set_user
                0x00005028        0x2 .build/obj_helix_rev2_froggy/common/action_layer.o
                0x00005028                layer_state_set_user
 .text.default_layer_state_set_user
                0x0000502a        0x4 .build/obj_helix_rev2_froggy/common/action_layer.o
                0x0000502a                default_layer_state_set_user
 .text.default_layer_state_set_kb
                0x0000502e        0x4 .build/obj_helix_rev2_froggy/common/action_layer.o
                0x0000502e                default_layer_state_set_kb
 .text.default_layer_state_set
                0x00005032       0x18 .build/obj_helix_rev2_froggy/common/action_layer.o
 .text.default_layer_set
                0x0000504a        0x4 .build/obj_helix_rev2_froggy/common/action_layer.o
                0x0000504a                default_layer_set
 .text.default_layer_or
                0x0000504e       0x24 .build/obj_helix_rev2_froggy/common/action_layer.o
                0x0000504e                default_layer_or
 .text.default_layer_and
                0x00005072       0x24 .build/obj_helix_rev2_froggy/common/action_layer.o
                0x00005072                default_layer_and
 .text.default_layer_xor
                0x00005096       0x24 .build/obj_helix_rev2_froggy/common/action_layer.o
                0x00005096                default_layer_xor
 .text.layer_state_set_kb
                0x000050ba        0x4 .build/obj_helix_rev2_froggy/common/action_layer.o
                0x000050ba                layer_state_set_kb
 .text.layer_state_set
                0x000050be       0x18 .build/obj_helix_rev2_froggy/common/action_layer.o
                0x000050be                layer_state_set
 .text.layer_clear
                0x000050d6        0xa .build/obj_helix_rev2_froggy/common/action_layer.o
                0x000050d6                layer_clear
 .text.layer_move
                0x000050e0       0x2a .build/obj_helix_rev2_froggy/common/action_layer.o
                0x000050e0                layer_move
 .text.layer_on
                0x0000510a       0x42 .build/obj_helix_rev2_froggy/common/action_layer.o
                0x0000510a                layer_on
 .text.layer_off
                0x0000514c       0x4a .build/obj_helix_rev2_froggy/common/action_layer.o
                0x0000514c                layer_off
 .text.layer_invert
                0x00005196       0x42 .build/obj_helix_rev2_froggy/common/action_layer.o
                0x00005196                layer_invert
 .text.layer_or
                0x000051d8       0x24 .build/obj_helix_rev2_froggy/common/action_layer.o
                0x000051d8                layer_or
 .text.layer_and
                0x000051fc       0x24 .build/obj_helix_rev2_froggy/common/action_layer.o
                0x000051fc                layer_and
 .text.layer_xor
                0x00005220       0x24 .build/obj_helix_rev2_froggy/common/action_layer.o
                0x00005220                layer_xor
 .text.layer_debug
                0x00005244        0x2 .build/obj_helix_rev2_froggy/common/action_layer.o
                0x00005244                layer_debug
 .text.update_source_layers_cache
                0x00005246       0x56 .build/obj_helix_rev2_froggy/common/action_layer.o
                0x00005246                update_source_layers_cache
 .text.read_source_layers_cache
                0x0000529c       0x58 .build/obj_helix_rev2_froggy/common/action_layer.o
                0x0000529c                read_source_layers_cache
 .text.layer_switch_get_layer
                0x000052f4       0x84 .build/obj_helix_rev2_froggy/common/action_layer.o
                0x000052f4                layer_switch_get_layer
 .text.layer_switch_get_action
                0x00005378       0x16 .build/obj_helix_rev2_froggy/common/action_layer.o
                0x00005378                layer_switch_get_action
 .text.store_or_get_action
                0x0000538e       0x46 .build/obj_helix_rev2_froggy/common/action_layer.o
                0x0000538e                store_or_get_action
 .text.get_oneshot_locked_mods
                0x000053d4        0x6 .build/obj_helix_rev2_froggy/common/action_util.o
                0x000053d4                get_oneshot_locked_mods
 .text.has_oneshot_mods_timed_out
                0x000053da       0x46 .build/obj_helix_rev2_froggy/common/action_util.o
                0x000053da                has_oneshot_mods_timed_out
 .text.get_oneshot_layer
                0x00005420        0xc .build/obj_helix_rev2_froggy/common/action_util.o
                0x00005420                get_oneshot_layer
 .text.get_oneshot_layer_state
                0x0000542c        0x8 .build/obj_helix_rev2_froggy/common/action_util.o
                0x0000542c                get_oneshot_layer_state
 .text.has_oneshot_layer_timed_out
                0x00005434       0x56 .build/obj_helix_rev2_froggy/common/action_util.o
                0x00005434                has_oneshot_layer_timed_out
 .text.is_oneshot_layer_active
                0x0000548a        0xe .build/obj_helix_rev2_froggy/common/action_util.o
                0x0000548a                is_oneshot_layer_active
 .text.get_mods
                0x00005498        0x6 .build/obj_helix_rev2_froggy/common/action_util.o
                0x00005498                get_mods
 .text.add_mods
                0x0000549e        0xc .build/obj_helix_rev2_froggy/common/action_util.o
                0x0000549e                add_mods
 .text.del_mods
                0x000054aa        0xe .build/obj_helix_rev2_froggy/common/action_util.o
                0x000054aa                del_mods
 .text.clear_mods
                0x000054b8        0x6 .build/obj_helix_rev2_froggy/common/action_util.o
                0x000054b8                clear_mods
 .text.add_weak_mods
                0x000054be        0xc .build/obj_helix_rev2_froggy/common/action_util.o
                0x000054be                add_weak_mods
 .text.del_weak_mods
                0x000054ca        0xe .build/obj_helix_rev2_froggy/common/action_util.o
                0x000054ca                del_weak_mods
 .text.clear_weak_mods
                0x000054d8        0x6 .build/obj_helix_rev2_froggy/common/action_util.o
                0x000054d8                clear_weak_mods
 .text.add_macro_mods
                0x000054de        0xc .build/obj_helix_rev2_froggy/common/action_util.o
                0x000054de                add_macro_mods
 .text.del_macro_mods
                0x000054ea        0xe .build/obj_helix_rev2_froggy/common/action_util.o
                0x000054ea                del_macro_mods
 .text.clear_macro_mods
                0x000054f8        0x6 .build/obj_helix_rev2_froggy/common/action_util.o
                0x000054f8                clear_macro_mods
 .text.get_oneshot_mods
                0x000054fe        0x6 .build/obj_helix_rev2_froggy/common/action_util.o
                0x000054fe                get_oneshot_mods
 .text.oneshot_layer_changed_user
                0x00005504        0x2 .build/obj_helix_rev2_froggy/common/action_util.o
                0x00005504                oneshot_layer_changed_user
 .text.oneshot_mods_changed_user
                0x00005506        0x4 .build/obj_helix_rev2_froggy/common/action_util.o
                0x00005506                oneshot_mods_changed_user
 .text.oneshot_mods_changed_kb
                0x0000550a        0x4 .build/obj_helix_rev2_froggy/common/action_util.o
                0x0000550a                oneshot_mods_changed_kb
 .text.set_oneshot_mods
                0x0000550e       0x28 .build/obj_helix_rev2_froggy/common/action_util.o
                0x0000550e                set_oneshot_mods
 .text.clear_oneshot_mods
                0x00005536       0x1c .build/obj_helix_rev2_froggy/common/action_util.o
                0x00005536                clear_oneshot_mods
 .text.send_keyboard_report
                0x00005552       0x74 .build/obj_helix_rev2_froggy/common/action_util.o
                0x00005552                send_keyboard_report
 .text.oneshot_locked_mods_changed_user
                0x000055c6        0x4 .build/obj_helix_rev2_froggy/common/action_util.o
                0x000055c6                oneshot_locked_mods_changed_user
 .text.oneshot_locked_mods_changed_kb
                0x000055ca        0x4 .build/obj_helix_rev2_froggy/common/action_util.o
                0x000055ca                oneshot_locked_mods_changed_kb
 .text.set_oneshot_locked_mods
                0x000055ce       0x12 .build/obj_helix_rev2_froggy/common/action_util.o
                0x000055ce                set_oneshot_locked_mods
 .text.clear_oneshot_locked_mods
                0x000055e0       0x14 .build/obj_helix_rev2_froggy/common/action_util.o
                0x000055e0                clear_oneshot_locked_mods
 .text.oneshot_layer_changed_kb
                0x000055f4        0x4 .build/obj_helix_rev2_froggy/common/action_util.o
                0x000055f4                oneshot_layer_changed_kb
 .text.set_oneshot_layer
                0x000055f8       0x2c .build/obj_helix_rev2_froggy/common/action_util.o
                0x000055f8                set_oneshot_layer
 .text.reset_oneshot_layer
                0x00005624       0x12 .build/obj_helix_rev2_froggy/common/action_util.o
                0x00005624                reset_oneshot_layer
 .text.clear_oneshot_layer_state
                0x00005636       0x32 .build/obj_helix_rev2_froggy/common/action_util.o
                0x00005636                clear_oneshot_layer_state
 .text.eeconfig_is_enabled
                0x00005668       0x16 .build/obj_helix_rev2_froggy/common/eeconfig.o
                0x00005668                eeconfig_is_enabled
 .text.eeconfig_read_debug
                0x0000567e        0x8 .build/obj_helix_rev2_froggy/common/eeconfig.o
                0x0000567e                eeconfig_read_debug
 .text.eeconfig_read_default_layer
                0x00005686        0x8 .build/obj_helix_rev2_froggy/common/eeconfig.o
                0x00005686                eeconfig_read_default_layer
 .text.eeconfig_read_keymap
                0x0000568e       0x22 .build/obj_helix_rev2_froggy/common/eeconfig.o
                0x0000568e                eeconfig_read_keymap
 .text.eeconfig_update_keymap
                0x000056b0       0x1a .build/obj_helix_rev2_froggy/common/eeconfig.o
                0x000056b0                eeconfig_update_keymap
 .text.eeconfig_update_kb
                0x000056ca        0xc .build/obj_helix_rev2_froggy/common/eeconfig.o
                0x000056ca                eeconfig_update_kb
 .text.eeconfig_update_user
                0x000056d6        0xc .build/obj_helix_rev2_froggy/common/eeconfig.o
                0x000056d6                eeconfig_update_user
 .text.eeconfig_init_user
                0x000056e2        0xa .build/obj_helix_rev2_froggy/common/eeconfig.o
                0x000056e2                eeconfig_init_user
 .text.eeconfig_init_kb
                0x000056ec        0xe .build/obj_helix_rev2_froggy/common/eeconfig.o
                0x000056ec                eeconfig_init_kb
 .text.eeconfig_init_quantum
                0x000056fa       0xae .build/obj_helix_rev2_froggy/common/eeconfig.o
                0x000056fa                eeconfig_init_quantum
 .text.eeconfig_init
                0x000057a8        0x4 .build/obj_helix_rev2_froggy/common/eeconfig.o
                0x000057a8                eeconfig_init
 .text.eeconfig_update_handedness
                0x000057ac        0xa .build/obj_helix_rev2_froggy/common/eeconfig.o
                0x000057ac                eeconfig_update_handedness
 .text.has_anykey
                0x000057b6       0x18 .build/obj_helix_rev2_froggy/common/report.o
                0x000057b6                has_anykey
 .text.add_key_byte
                0x000057ce       0x34 .build/obj_helix_rev2_froggy/common/report.o
                0x000057ce                add_key_byte
 .text.del_key_byte
                0x00005802       0x1a .build/obj_helix_rev2_froggy/common/report.o
                0x00005802                del_key_byte
 .text.add_key_to_report
                0x0000581c        0x4 .build/obj_helix_rev2_froggy/common/report.o
                0x0000581c                add_key_to_report
 .text.del_key_from_report
                0x00005820        0x4 .build/obj_helix_rev2_froggy/common/report.o
                0x00005820                del_key_from_report
 .text.clear_keys_from_report
                0x00005824        0xe .build/obj_helix_rev2_froggy/common/report.o
                0x00005824                clear_keys_from_report
 .text.suspend_wakeup_init_user
                0x00005832        0x2 .build/obj_helix_rev2_froggy/common/avr/suspend.o
                0x00005832                suspend_wakeup_init_user
 .text.matrix_power_down
                0x00005834        0x4 .build/obj_helix_rev2_froggy/common/avr/suspend.o
                0x00005834                matrix_power_down
 .text.matrix_power_up
                0x00005838        0x4 .build/obj_helix_rev2_froggy/common/avr/suspend.o
                0x00005838                matrix_power_up
 .text.suspend_wakeup_condition
                0x0000583c       0x28 .build/obj_helix_rev2_froggy/common/avr/suspend.o
                0x0000583c                suspend_wakeup_condition
 .text.suspend_power_down_user
                0x00005864        0x4 .build/obj_helix_rev2_froggy/common/avr/suspend.o
                0x00005864                suspend_power_down_user
 .text.suspend_power_down_kb
                0x00005868        0x4 .build/obj_helix_rev2_froggy/common/avr/suspend.o
                0x00005868                suspend_power_down_kb
 .text.suspend_power_down
                0x0000586c       0x60 .build/obj_helix_rev2_froggy/common/avr/suspend.o
                0x0000586c                suspend_power_down
 .text.suspend_wakeup_init_kb
                0x000058cc        0x4 .build/obj_helix_rev2_froggy/common/avr/suspend.o
                0x000058cc                suspend_wakeup_init_kb
 .text.suspend_wakeup_init
                0x000058d0       0x10 .build/obj_helix_rev2_froggy/common/avr/suspend.o
                0x000058d0                suspend_wakeup_init
 .text.__vector_12
                0x000058e0       0x52 .build/obj_helix_rev2_froggy/common/avr/suspend.o
                0x000058e0                __vector_12
 .text.timer_init
                0x00005932       0x12 .build/obj_helix_rev2_froggy/common/avr/timer.o
                0x00005932                timer_init
 .text.timer_read
                0x00005944       0x18 .build/obj_helix_rev2_froggy/common/avr/timer.o
                0x00005944                timer_read
 .text.timer_elapsed
                0x0000595c       0x54 .build/obj_helix_rev2_froggy/common/avr/timer.o
                0x0000595c                timer_elapsed
 .text.__vector_21
                0x000059b0       0x4c .build/obj_helix_rev2_froggy/common/avr/timer.o
                0x000059b0                __vector_21
 .text.bootloader_jump
                0x000059fc       0x22 .build/obj_helix_rev2_froggy/common/avr/bootloader.o
                0x000059fc                bootloader_jump
 .text.magic    0x00005a1e       0x30 .build/obj_helix_rev2_froggy/common/magic.o
                0x00005a1e                magic
 .text.keyboard_leds
                0x00005a4e        0x6 .build/obj_helix_rev2_froggy/lufa.o
 .text.send_mouse
                0x00005a54        0x2 .build/obj_helix_rev2_froggy/lufa.o
 .text.send_consumer
                0x00005a56        0x2 .build/obj_helix_rev2_froggy/lufa.o
 .text.send_keyboard
                0x00005a58       0x66 .build/obj_helix_rev2_froggy/lufa.o
 .text.send_system
                0x00005abe        0x2 .build/obj_helix_rev2_froggy/lufa.o
 .text.EVENT_USB_Device_Connect
                0x00005ac0       0x1c .build/obj_helix_rev2_froggy/lufa.o
                0x00005ac0                EVENT_USB_Device_Connect
 .text.EVENT_USB_Device_Disconnect
                0x00005adc        0x6 .build/obj_helix_rev2_froggy/lufa.o
                0x00005adc                EVENT_USB_Device_Disconnect
 .text.EVENT_USB_Device_Reset
                0x00005ae2        0x2 .build/obj_helix_rev2_froggy/lufa.o
                0x00005ae2                EVENT_USB_Device_Reset
 .text.EVENT_USB_Device_Suspend
                0x00005ae4        0x2 .build/obj_helix_rev2_froggy/lufa.o
                0x00005ae4                EVENT_USB_Device_Suspend
 .text.EVENT_USB_Device_WakeUp
                0x00005ae6        0x4 .build/obj_helix_rev2_froggy/lufa.o
                0x00005ae6                EVENT_USB_Device_WakeUp
 .text.EVENT_USB_Device_ConfigurationChanged
                0x00005aea        0xa .build/obj_helix_rev2_froggy/lufa.o
                0x00005aea                EVENT_USB_Device_ConfigurationChanged
 .text.EVENT_USB_Device_ControlRequest
                0x00005af4      0x17a .build/obj_helix_rev2_froggy/lufa.o
                0x00005af4                EVENT_USB_Device_ControlRequest
 .text.startup.main
                0x00005c6e       0x7a .build/obj_helix_rev2_froggy/lufa.o
                0x00005c6e                main
 .text.CALLBACK_USB_GetDescriptor
                0x00005ce8        0x4 .build/obj_helix_rev2_froggy/lufa.o
                0x00005ce8                CALLBACK_USB_GetDescriptor
 .text.get_usb_descriptor
                0x00005cec       0x98 .build/obj_helix_rev2_froggy/usb_descriptor.o
                0x00005cec                get_usb_descriptor
 .text.set_output_user
                0x00005d84        0x2 .build/obj_helix_rev2_froggy/outputselect.o
                0x00005d84                set_output_user
 .text.set_output
                0x00005d86       0x10 .build/obj_helix_rev2_froggy/outputselect.o
                0x00005d86                set_output
 .text.auto_detect_output
                0x00005d96       0x10 .build/obj_helix_rev2_froggy/outputselect.o
                0x00005d96                auto_detect_output
 .text.where_to_send
                0x00005da6        0xe .build/obj_helix_rev2_froggy/outputselect.o
                0x00005da6                where_to_send
 .text.USB_Device_SendRemoteWakeup
                0x00005db4       0x2c .build/obj_helix_rev2_froggy/lib/lufa/LUFA/Drivers/USB/Core/AVR8/Device_AVR8.o
                0x00005db4                USB_Device_SendRemoteWakeup
 .text.Endpoint_Write_Stream_LE
                0x00005de0       0x96 .build/obj_helix_rev2_froggy/lib/lufa/LUFA/Drivers/USB/Core/AVR8/EndpointStream_AVR8.o
                0x00005de0                Endpoint_Write_Stream_LE
 .text.Endpoint_Write_Control_Stream_LE
                0x00005e76       0xbc .build/obj_helix_rev2_froggy/lib/lufa/LUFA/Drivers/USB/Core/AVR8/EndpointStream_AVR8.o
                0x00005e76                Endpoint_Write_Control_Stream_LE
 .text.Endpoint_Write_Control_PStream_LE
                0x00005f32       0xc2 .build/obj_helix_rev2_froggy/lib/lufa/LUFA/Drivers/USB/Core/AVR8/EndpointStream_AVR8.o
                0x00005f32                Endpoint_Write_Control_PStream_LE
 .text.Endpoint_ConfigureEndpoint_Prv
                0x00005ff4       0x6a .build/obj_helix_rev2_froggy/lib/lufa/LUFA/Drivers/USB/Core/AVR8/Endpoint_AVR8.o
                0x00005ff4                Endpoint_ConfigureEndpoint_Prv
 .text.Endpoint_ClearStatusStage
                0x0000605e       0x3e .build/obj_helix_rev2_froggy/lib/lufa/LUFA/Drivers/USB/Core/AVR8/Endpoint_AVR8.o
                0x0000605e                Endpoint_ClearStatusStage
 .text.Endpoint_WaitUntilReady
                0x0000609c       0x66 .build/obj_helix_rev2_froggy/lib/lufa/LUFA/Drivers/USB/Core/AVR8/Endpoint_AVR8.o
                0x0000609c                Endpoint_WaitUntilReady
 .text.USB_Disable
                0x00006102       0x34 .build/obj_helix_rev2_froggy/lib/lufa/LUFA/Drivers/USB/Core/AVR8/USBController_AVR8.o
                0x00006102                USB_Disable
 .text.USB_ResetInterface
                0x00006136       0x86 .build/obj_helix_rev2_froggy/lib/lufa/LUFA/Drivers/USB/Core/AVR8/USBController_AVR8.o
                0x00006136                USB_ResetInterface
 .text.USB_Init
                0x000061bc       0x22 .build/obj_helix_rev2_froggy/lib/lufa/LUFA/Drivers/USB/Core/AVR8/USBController_AVR8.o
                0x000061bc                USB_Init
 .text.USB_INT_DisableAllInterrupts
                0x000061de       0x10 .build/obj_helix_rev2_froggy/lib/lufa/LUFA/Drivers/USB/Core/AVR8/USBInterrupt_AVR8.o
                0x000061de                USB_INT_DisableAllInterrupts
 .text.USB_INT_ClearAllInterrupts
                0x000061ee        0xa .build/obj_helix_rev2_froggy/lib/lufa/LUFA/Drivers/USB/Core/AVR8/USBInterrupt_AVR8.o
                0x000061ee                USB_INT_ClearAllInterrupts
 .text.__vector_10
                0x000061f8      0x1a4 .build/obj_helix_rev2_froggy/lib/lufa/LUFA/Drivers/USB/Core/AVR8/USBInterrupt_AVR8.o
                0x000061f8                __vector_10
 .text.__vector_11
                0x0000639c       0x88 .build/obj_helix_rev2_froggy/lib/lufa/LUFA/Drivers/USB/Core/AVR8/USBInterrupt_AVR8.o
                0x0000639c                __vector_11
 .text.USB_Device_ProcessControlRequest
                0x00006424      0x2c0 .build/obj_helix_rev2_froggy/lib/lufa/LUFA/Drivers/USB/Core/DeviceStandardReq.o
                0x00006424                USB_Device_ProcessControlRequest
 .text.USB_Event_Stub
                0x000066e4        0x2 .build/obj_helix_rev2_froggy/lib/lufa/LUFA/Drivers/USB/Core/Events.o
                0x000066e4                EVENT_USB_Device_StartOfFrame
                0x000066e4                USB_Event_Stub
 .text.USB_USBTask
                0x000066e6       0x36 .build/obj_helix_rev2_froggy/lib/lufa/LUFA/Drivers/USB/Core/USBTask.o
                0x000066e6                USB_USBTask
 .text.libgcc.div
                0x0000671c       0x28 c:/msys64/home/raido/qmk_utils/avr8-gnu-toolchain/bin/../lib/gcc/avr/5.4.0/avr5\libgcc.a(_udivmodhi4.o)
                0x0000671c                __udivmodhi4
 .text.libgcc.div
                0x00006744       0x28 c:/msys64/home/raido/qmk_utils/avr8-gnu-toolchain/bin/../lib/gcc/avr/5.4.0/avr5\libgcc.a(_divmodhi4.o)
                0x00006744                _div
                0x00006744                __divmodhi4
 .text.libgcc   0x0000676c        0xc c:/msys64/home/raido/qmk_utils/avr8-gnu-toolchain/bin/../lib/gcc/avr/5.4.0/avr5\libgcc.a(_tablejump2.o)
                0x0000676c                __tablejump2__
 .text.avr-libc
                0x00006778       0x1a c:/msys64/home/raido/qmk_utils/avr8-gnu-toolchain/bin/../lib/gcc/avr/5.4.0/../../../../avr/lib/avr5\libc.a(memchr.o)
                0x00006778                memchr
 .text.avr-libc
                0x00006792       0x1a c:/msys64/home/raido/qmk_utils/avr8-gnu-toolchain/bin/../lib/gcc/avr/5.4.0/../../../../avr/lib/avr5\libc.a(memcmp.o)
                0x00006792                memcmp
 .text.avr-libc
                0x000067ac       0x24 c:/msys64/home/raido/qmk_utils/avr8-gnu-toolchain/bin/../lib/gcc/avr/5.4.0/../../../../avr/lib/avr5\libc.a(memmove.o)
                0x000067ac                memmove
 .text.avr-libc
                0x000067d0        0xe c:/msys64/home/raido/qmk_utils/avr8-gnu-toolchain/bin/../lib/gcc/avr/5.4.0/../../../../avr/lib/avr5\libc.a(memset.o)
                0x000067d0                memset
 .text.avr-libc
                0x000067de       0x12 c:/msys64/home/raido/qmk_utils/avr8-gnu-toolchain/bin/../lib/gcc/avr/5.4.0/../../../../avr/lib/avr5\libc.a(memcpy.o)
                0x000067de                memcpy
 .text.avr-libc
                0x000067f0       0x10 c:/msys64/home/raido/qmk_utils/avr8-gnu-toolchain/bin/../lib/gcc/avr/5.4.0/../../../../avr/lib/avr5\libatmega32u4.a(eerd_byte.o)
                0x000067f0                eeprom_read_byte
 .text.avr-libc
                0x00006800        0xc c:/msys64/home/raido/qmk_utils/avr8-gnu-toolchain/bin/../lib/gcc/avr/5.4.0/../../../../avr/lib/avr5\libatmega32u4.a(eerd_dword.o)
                0x00006800                eeprom_read_float
                0x00006800                eeprom_read_dword
 .text.avr-libc
                0x0000680c        0xc c:/msys64/home/raido/qmk_utils/avr8-gnu-toolchain/bin/../lib/gcc/avr/5.4.0/../../../../avr/lib/avr5\libatmega32u4.a(eerd_word.o)
                0x0000680c                eeprom_read_word
 .text.avr-libc
                0x00006818       0x24 c:/msys64/home/raido/qmk_utils/avr8-gnu-toolchain/bin/../lib/gcc/avr/5.4.0/../../../../avr/lib/avr5\libatmega32u4.a(eeupd_byte.o)
                0x00006818                eeprom_update_byte
                0x0000681a                eeprom_update_r18
 .text.avr-libc
                0x0000683c       0x18 c:/msys64/home/raido/qmk_utils/avr8-gnu-toolchain/bin/../lib/gcc/avr/5.4.0/../../../../avr/lib/avr5\libatmega32u4.a(eeupd_dword.o)
                0x0000683c                eeprom_update_float
                0x0000683c                eeprom_update_dword
 .text.avr-libc
                0x00006854        0xc c:/msys64/home/raido/qmk_utils/avr8-gnu-toolchain/bin/../lib/gcc/avr/5.4.0/../../../../avr/lib/avr5\libatmega32u4.a(eeupd_word.o)
                0x00006854                eeprom_update_word
 .text.avr-libc
                0x00006860       0x20 c:/msys64/home/raido/qmk_utils/avr8-gnu-toolchain/bin/../lib/gcc/avr/5.4.0/../../../../avr/lib/avr5\libatmega32u4.a(eerd_block.o)
                0x00006860                eeprom_read_block
                0x00006864                eeprom_read_blraw
                0x00006880                . = ALIGN (0x2)
 *(.fini9)
 .fini9         0x00006880        0x0 c:/msys64/home/raido/qmk_utils/avr8-gnu-toolchain/bin/../lib/gcc/avr/5.4.0/avr5\libgcc.a(_exit.o)
                0x00006880                _exit
                0x00006880                exit
 *(.fini9)
 *(.fini8)
 *(.fini8)
 *(.fini7)
 *(.fini7)
 *(.fini6)
 *(.fini6)
 *(.fini5)
 *(.fini5)
 *(.fini4)
 *(.fini4)
 *(.fini3)
 *(.fini3)
 *(.fini2)
 *(.fini2)
 *(.fini1)
 *(.fini1)
 *(.fini0)
 .fini0         0x00006880        0x4 c:/msys64/home/raido/qmk_utils/avr8-gnu-toolchain/bin/../lib/gcc/avr/5.4.0/avr5\libgcc.a(_exit.o)
 *(.fini0)
                0x00006884                _etext = .

.data           0x00800100      0x108 load address 0x00006884
                0x00800100                PROVIDE (__data_start, .)
 *(.data)
 *(.data*)
 .data.force_dirty
                0x00800100        0x1 .build/obj_helix_rev2_froggy/ssd1306.o
 .data.debouncing
                0x00800101        0x1 .build/obj_helix_rev2_froggy/rev2/matrix.o
 .data.isLeftHand
                0x00800102        0x1 .build/obj_helix_rev2_froggy/rev2/split_util.o
                0x00800102                isLeftHand
 .data.transactions
                0x00800103       0x18 .build/obj_helix_rev2_froggy/rev2/split_scomm.o
                0x00800103                transactions
 .data.s_change_new
                0x0080011b        0x1 .build/obj_helix_rev2_froggy/rev2/split_scomm.o
                0x0080011b                s_change_new
 .data.s_change_old
                0x0080011c        0x1 .build/obj_helix_rev2_froggy/rev2/split_scomm.o
                0x0080011c                s_change_old
 .data.logo.6474
                0x0080011d       0x44 .build/obj_helix_rev2_froggy/keyboards/helix/rev2/keymaps/froggy/keymap.o
 .data.indctr.6475
                0x00800161       0x40 .build/obj_helix_rev2_froggy/keyboards/helix/rev2/keymaps/froggy/keymap.o
 .data.scan_count.6424
                0x008001a1        0x2 .build/obj_helix_rev2_froggy/keyboards/helix/rev2/keymaps/froggy/keymap.o
 .data.increment.3268
                0x008001a3        0x1 .build/obj_helix_rev2_froggy/quantum/rgblight.o
 .data.high_bound.3267
                0x008001a4        0x1 .build/obj_helix_rev2_froggy/quantum/rgblight.o
 .data.effect_num_leds
                0x008001a5        0x1 .build/obj_helix_rev2_froggy/quantum/rgblight.o
 .data.effect_end_pos
                0x008001a6        0x1 .build/obj_helix_rev2_froggy/quantum/rgblight.o
 .data.clipping_num_leds
                0x008001a7        0x1 .build/obj_helix_rev2_froggy/quantum/rgblight.o
 .data.static_effect_table
                0x008001a8        0xb .build/obj_helix_rev2_froggy/quantum/rgblight.o
 .data.keyboard_report
                0x008001b3        0x2 .build/obj_helix_rev2_froggy/common/action_util.o
                0x008001b3                keyboard_report
 .data.lufa_driver
                0x008001b5        0xa .build/obj_helix_rev2_froggy/lufa.o
                0x008001b5                lufa_driver
 .data.keyboard_protocol
                0x008001bf        0x1 .build/obj_helix_rev2_froggy/lufa.o
                0x008001bf                keyboard_protocol
 *(.gnu.linkonce.d*)
 *(.rodata)
 *(.rodata*)
 .rodata.col_pins
                0x008001c0        0x7 .build/obj_helix_rev2_froggy/rev2/matrix.o
 .rodata.row_pins
                0x008001c7        0xa .build/obj_helix_rev2_froggy/rev2/matrix.o
 .rodata.keys_sum.6426
                0x008001d1        0xa .build/obj_helix_rev2_froggy/keyboards/helix/rev2/keymaps/froggy/keymap.o
 .rodata.keys.6425
                0x008001db        0xa .build/obj_helix_rev2_froggy/keyboards/helix/rev2/keymaps/froggy/keymap.o
 .rodata.mode_base_table
                0x008001e5       0x23 .build/obj_helix_rev2_froggy/quantum/rgblight.o
 *(.gnu.linkonce.r*)
                0x00800208                . = ALIGN (0x2)
                0x00800208                _edata = .
                0x00800208                PROVIDE (__data_end, .)

.bss            0x00800208      0x538
                0x00800208                PROVIDE (__bss_start, .)
 *(.bss)
 *(.bss*)
 .bss.slave_has_register_set
                0x00800208        0x1 .build/obj_helix_rev2_froggy/i2c.o
 .bss.slave_buffer_pos
                0x00800209        0x1 .build/obj_helix_rev2_froggy/i2c.o
 .bss.Transaction_table_size
                0x0080020a        0x1 .build/obj_helix_rev2_froggy/serial.o
 .bss.Transaction_table
                0x0080020b        0x2 .build/obj_helix_rev2_froggy/serial.o
 .bss.last_flush
                0x0080020d        0x2 .build/obj_helix_rev2_froggy/ssd1306.o
 .bss.matrix_debouncing
                0x0080020f        0xa .build/obj_helix_rev2_froggy/rev2/matrix.o
 .bss.matrix    0x00800219        0xa .build/obj_helix_rev2_froggy/rev2/matrix.o
 .bss.is_master
                0x00800223        0x1 .build/obj_helix_rev2_froggy/rev2/matrix.o
                0x00800223                is_master
 .bss.error_count
                0x00800224        0x1 .build/obj_helix_rev2_froggy/rev2/matrix.o
 .bss.need_retry.1649
                0x00800225        0x2 .build/obj_helix_rev2_froggy/rev2/split_scomm.o
 .bss.slave_buffer_change_count
                0x00800227        0x1 .build/obj_helix_rev2_froggy/rev2/split_scomm.o
                0x00800227                slave_buffer_change_count
 .bss.status1   0x00800228        0x1 .build/obj_helix_rev2_froggy/rev2/split_scomm.o
                0x00800228                status1
 .bss.status_com
                0x00800229        0x1 .build/obj_helix_rev2_froggy/rev2/split_scomm.o
                0x00800229                status_com
 .bss.serial_master_buffer
                0x0080022a        0x5 .build/obj_helix_rev2_froggy/rev2/split_scomm.o
                0x0080022a                serial_master_buffer
 .bss.serial_slave_buffer
                0x0080022f        0x5 .build/obj_helix_rev2_froggy/rev2/split_scomm.o
                0x0080022f                serial_slave_buffer
 .bss.RGBAnimation
                0x00800234        0x1 .build/obj_helix_rev2_froggy/keyboards/helix/rev2/keymaps/froggy/keymap.o
                0x00800234                RGBAnimation
 .bss.tapping_key
                0x00800235        0x1 .build/obj_helix_rev2_froggy/keyboards/helix/rev2/keymaps/froggy/keymap.o
 .bss.delay_key_pressed
                0x00800236        0x1 .build/obj_helix_rev2_froggy/keyboards/helix/rev2/keymaps/froggy/keymap.o
 .bss.delay_key_stat
                0x00800237        0x1 .build/obj_helix_rev2_froggy/keyboards/helix/rev2/keymaps/froggy/keymap.o
 .bss.delay_mat_col
                0x00800238        0x1 .build/obj_helix_rev2_froggy/keyboards/helix/rev2/keymaps/froggy/keymap.o
 .bss.delay_mat_row
                0x00800239        0x1 .build/obj_helix_rev2_froggy/keyboards/helix/rev2/keymaps/froggy/keymap.o
 .bss.delay_registered_code
                0x0080023a        0x2 .build/obj_helix_rev2_froggy/keyboards/helix/rev2/keymaps/froggy/keymap.o
 .bss.tap_timer
                0x0080023c        0x2 .build/obj_helix_rev2_froggy/keyboards/helix/rev2/keymaps/froggy/keymap.o
 .bss.key_timer
                0x0080023e        0x2 .build/obj_helix_rev2_froggy/keyboards/helix/rev2/keymaps/froggy/keymap.o
 .bss.grave_esc_was_shifted
                0x00800240        0x1 .build/obj_helix_rev2_froggy/quantum/quantum.o
 .bss.low_bound.3266
                0x00800241        0x1 .build/obj_helix_rev2_froggy/quantum/rgblight.o
 .bss.pos.3250  0x00800242        0x1 .build/obj_helix_rev2_froggy/quantum/rgblight.o
 .bss.effect_start_pos
                0x00800243        0x1 .build/obj_helix_rev2_froggy/quantum/rgblight.o
 .bss.clipping_start_pos
                0x00800244        0x1 .build/obj_helix_rev2_froggy/quantum/rgblight.o
 .bss.animation_status
                0x00800245        0x6 .build/obj_helix_rev2_froggy/quantum/rgblight.o
                0x00800245                animation_status
 .bss.is_rgblight_initialized
                0x0080024b        0x1 .build/obj_helix_rev2_froggy/quantum/rgblight.o
                0x0080024b                is_rgblight_initialized
 .bss.rgblight_status
                0x0080024c        0x2 .build/obj_helix_rev2_froggy/quantum/rgblight.o
                0x0080024c                rgblight_status
 .bss.sc_timer  0x0080024e        0x2 .build/obj_helix_rev2_froggy/quantum/process_keycode/process_space_cadet.o
 .bss.sc_last   0x00800250        0x1 .build/obj_helix_rev2_froggy/quantum/process_keycode/process_space_cadet.o
 .bss.last_consumer_report
                0x00800251        0x2 .build/obj_helix_rev2_froggy/common/host.o
 .bss.last_system_report
                0x00800253        0x2 .build/obj_helix_rev2_froggy/common/host.o
 .bss.driver    0x00800255        0x2 .build/obj_helix_rev2_froggy/common/host.o
 .bss.led_status.3254
                0x00800257        0x1 .build/obj_helix_rev2_froggy/common/keyboard.o
 .bss.matrix_prev.3253
                0x00800258        0xa .build/obj_helix_rev2_froggy/common/keyboard.o
 .bss.disable_action_cache
                0x00800262        0x1 .build/obj_helix_rev2_froggy/common/action.o
                0x00800262                disable_action_cache
 .bss.waiting_buffer_tail
                0x00800263        0x1 .build/obj_helix_rev2_froggy/common/action_tapping.o
 .bss.waiting_buffer_head
                0x00800264        0x1 .build/obj_helix_rev2_froggy/common/action_tapping.o
 .bss.waiting_buffer
                0x00800265       0x30 .build/obj_helix_rev2_froggy/common/action_tapping.o
 .bss.tapping_key
                0x00800295        0x6 .build/obj_helix_rev2_froggy/common/action_tapping.o
 .bss.source_layers_cache
                0x0080029b       0x2d .build/obj_helix_rev2_froggy/common/action_layer.o
                0x0080029b                source_layers_cache
 .bss.layer_state
                0x008002c8        0x4 .build/obj_helix_rev2_froggy/common/action_layer.o
                0x008002c8                layer_state
 .bss.default_layer_state
                0x008002cc        0x4 .build/obj_helix_rev2_froggy/common/action_layer.o
                0x008002cc                default_layer_state
 .bss.oneshot_layer_time
                0x008002d0        0x2 .build/obj_helix_rev2_froggy/common/action_util.o
 .bss.oneshot_layer_data
                0x008002d2        0x1 .build/obj_helix_rev2_froggy/common/action_util.o
 .bss.oneshot_time
                0x008002d3        0x2 .build/obj_helix_rev2_froggy/common/action_util.o
 .bss.oneshot_locked_mods
                0x008002d5        0x1 .build/obj_helix_rev2_froggy/common/action_util.o
 .bss.oneshot_mods
                0x008002d6        0x1 .build/obj_helix_rev2_froggy/common/action_util.o
 .bss.__compound_literal.0
                0x008002d7        0x8 .build/obj_helix_rev2_froggy/common/action_util.o
 .bss.macro_mods
                0x008002df        0x1 .build/obj_helix_rev2_froggy/common/action_util.o
 .bss.weak_mods
                0x008002e0        0x1 .build/obj_helix_rev2_froggy/common/action_util.o
 .bss.real_mods
                0x008002e1        0x1 .build/obj_helix_rev2_froggy/common/action_util.o
 .bss.debug_config
                0x008002e2        0x1 .build/obj_helix_rev2_froggy/common/debug.o
                0x008002e2                debug_config
 .bss.wdt_timeout
                0x008002e3        0x1 .build/obj_helix_rev2_froggy/common/avr/suspend.o
 .bss.keyboard_report_sent
                0x008002e4        0x8 .build/obj_helix_rev2_froggy/lufa.o
 .bss.keyboard_led_stats
                0x008002ec        0x1 .build/obj_helix_rev2_froggy/lufa.o
 .bss.keyboard_idle
                0x008002ed        0x1 .build/obj_helix_rev2_froggy/lufa.o
                0x008002ed                keyboard_idle
 .bss.desired_output
                0x008002ee        0x1 .build/obj_helix_rev2_froggy/outputselect.o
                0x008002ee                desired_output
 *(COMMON)
 COMMON         0x008002ef       0x10 .build/obj_helix_rev2_froggy/i2c.o
                0x008002ef                i2c_slave_buffer
 COMMON         0x008002ff       0x57 .build/obj_helix_rev2_froggy/ssd1306.o
                0x008002ff                display
 COMMON         0x00800356      0x372 .build/obj_helix_rev2_froggy/keyboards/helix/rev2/keymaps/froggy/keymap.o
                0x00800356                RGB_current_mode
                0x00800358                keybufs
                0x00800658                rgb
                0x008006c1                keybuf_begin
                0x008006c2                col
                0x008006c4                layer_state_old
                0x008006c5                keybuf_end
                0x008006c6                row
 COMMON         0x008006c8       0x65 .build/obj_helix_rev2_froggy/quantum/rgblight.o
                0x008006c8                rgblight_config
                0x008006cd                led
 COMMON         0x0080072d        0x4 .build/obj_helix_rev2_froggy/common/avr/timer.o
                0x0080072d                timer_count
 COMMON         0x00800731        0x2 .build/obj_helix_rev2_froggy/common/magic.o
                0x00800731                keymap_config
 COMMON         0x00800733        0x3 .build/obj_helix_rev2_froggy/lib/lufa/LUFA/Drivers/USB/Core/DeviceStandardReq.o
                0x00800733                USB_Device_ConfigurationNumber
                0x00800734                USB_Device_CurrentlySelfPowered
                0x00800735                USB_Device_RemoteWakeupEnabled
 COMMON         0x00800736        0xa .build/obj_helix_rev2_froggy/lib/lufa/LUFA/Drivers/USB/Core/USBTask.o
                0x00800736                USB_IsInitialized
                0x00800737                USB_DeviceState
                0x00800738                USB_ControlRequest
                0x00800740                PROVIDE (__bss_end, .)
                0x00006884                __data_load_start = LOADADDR (.data)
                0x0000698c                __data_load_end = (__data_load_start + SIZEOF (.data))

.noinit         0x00800740        0x4
                [!provide]                PROVIDE (__noinit_start, .)
 *(.noinit*)
 .noinit        0x00800740        0x4 .build/obj_helix_rev2_froggy/common/avr/bootloader.o
                0x00800740                reset_key
                [!provide]                PROVIDE (__noinit_end, .)
                0x00800744                _end = .
                [!provide]                PROVIDE (__heap_start, .)

.eeprom         0x00810000        0x0
 *(.eeprom*)
                0x00810000                __eeprom_end = .

.fuse
 *(.fuse)
 *(.lfuse)
 *(.hfuse)
 *(.efuse)

.lock
 *(.lock*)

.signature
 *(.signature*)

.user_signatures
 *(.user_signatures*)

.stab
 *(.stab)

.stabstr        0x00000000       0x76
 *(.stabstr)
 .stabstr       0x00000000       0x76 .build/obj_helix_rev2_froggy/common/avr/xprintf.o

.stab.excl
 *(.stab.excl)

.stab.exclstr
 *(.stab.exclstr)

.stab.index
 *(.stab.index)

.stab.indexstr
 *(.stab.indexstr)

.comment        0x00000000       0x30
 *(.comment)
 .comment       0x00000000       0x30 .build/obj_helix_rev2_froggy/i2c.o
                                 0x31 (size before relaxing)
 .comment       0x00000030       0x31 .build/obj_helix_rev2_froggy/serial.o
 .comment       0x00000030       0x31 .build/obj_helix_rev2_froggy/ssd1306.o
 .comment       0x00000030       0x31 .build/obj_helix_rev2_froggy/rev2/matrix.o
 .comment       0x00000030       0x31 .build/obj_helix_rev2_froggy/rev2/split_util.o
 .comment       0x00000030       0x31 .build/obj_helix_rev2_froggy/rev2/split_scomm.o
 .comment       0x00000030       0x31 .build/obj_helix_rev2_froggy/keyboards/helix/rev2/rev2.o
 .comment       0x00000030       0x31 .build/obj_helix_rev2_froggy/keyboards/helix/rev2/keymaps/froggy/keymap.o
 .comment       0x00000030       0x31 .build/obj_helix_rev2_froggy/quantum/quantum.o
 .comment       0x00000030       0x31 .build/obj_helix_rev2_froggy/quantum/keymap_common.o
 .comment       0x00000030       0x31 .build/obj_helix_rev2_froggy/quantum/keycode_config.o
 .comment       0x00000030       0x31 .build/obj_helix_rev2_froggy/quantum/color.o
 .comment       0x00000030       0x31 .build/obj_helix_rev2_froggy/quantum/rgblight.o
 .comment       0x00000030       0x31 .build/obj_helix_rev2_froggy/ws2812.o
 .comment       0x00000030       0x31 .build/obj_helix_rev2_froggy/quantum/led_tables.o
 .comment       0x00000030       0x31 .build/obj_helix_rev2_froggy/quantum/process_keycode/process_space_cadet.o
 .comment       0x00000030       0x31 .build/obj_helix_rev2_froggy/common/host.o
 .comment       0x00000030       0x31 .build/obj_helix_rev2_froggy/common/keyboard.o
 .comment       0x00000030       0x31 .build/obj_helix_rev2_froggy/common/action.o
 .comment       0x00000030       0x31 .build/obj_helix_rev2_froggy/common/action_tapping.o
 .comment       0x00000030       0x31 .build/obj_helix_rev2_froggy/common/action_macro.o
 .comment       0x00000030       0x31 .build/obj_helix_rev2_froggy/common/action_layer.o
 .comment       0x00000030       0x31 .build/obj_helix_rev2_froggy/common/action_util.o
 .comment       0x00000030       0x31 .build/obj_helix_rev2_froggy/common/debug.o
 .comment       0x00000030       0x31 .build/obj_helix_rev2_froggy/common/eeconfig.o
 .comment       0x00000030       0x31 .build/obj_helix_rev2_froggy/common/report.o
 .comment       0x00000030       0x31 .build/obj_helix_rev2_froggy/common/avr/suspend.o
 .comment       0x00000030       0x31 .build/obj_helix_rev2_froggy/common/avr/timer.o
 .comment       0x00000030       0x31 .build/obj_helix_rev2_froggy/common/avr/bootloader.o
 .comment       0x00000030       0x31 .build/obj_helix_rev2_froggy/common/magic.o
 .comment       0x00000030       0x31 .build/obj_helix_rev2_froggy/lufa.o
 .comment       0x00000030       0x31 .build/obj_helix_rev2_froggy/usb_descriptor.o
 .comment       0x00000030       0x31 .build/obj_helix_rev2_froggy/outputselect.o
 .comment       0x00000030       0x31 .build/obj_helix_rev2_froggy/lib/lufa/LUFA/Drivers/USB/Core/AVR8/Device_AVR8.o
 .comment       0x00000030       0x31 .build/obj_helix_rev2_froggy/lib/lufa/LUFA/Drivers/USB/Core/AVR8/EndpointStream_AVR8.o
 .comment       0x00000030       0x31 .build/obj_helix_rev2_froggy/lib/lufa/LUFA/Drivers/USB/Core/AVR8/Endpoint_AVR8.o
 .comment       0x00000030       0x31 .build/obj_helix_rev2_froggy/lib/lufa/LUFA/Drivers/USB/Core/AVR8/USBController_AVR8.o
 .comment       0x00000030       0x31 .build/obj_helix_rev2_froggy/lib/lufa/LUFA/Drivers/USB/Core/AVR8/USBInterrupt_AVR8.o
 .comment       0x00000030       0x31 .build/obj_helix_rev2_froggy/lib/lufa/LUFA/Drivers/USB/Core/DeviceStandardReq.o
 .comment       0x00000030       0x31 .build/obj_helix_rev2_froggy/lib/lufa/LUFA/Drivers/USB/Core/Events.o
 .comment       0x00000030       0x31 .build/obj_helix_rev2_froggy/lib/lufa/LUFA/Drivers/USB/Core/USBTask.o

.note.gnu.avr.deviceinfo
                0x00000000       0x40
 .note.gnu.avr.deviceinfo
                0x00000000       0x40 c:/msys64/home/raido/qmk_utils/avr8-gnu-toolchain/bin/../lib/gcc/avr/5.4.0/../../../../avr/lib/avr5/crtatmega32u4.o

.note.gnu.build-id
 *(.note.gnu.build-id)

.debug
 *(.debug)

.line
 *(.line)

.debug_srcinfo
 *(.debug_srcinfo)

.debug_sfnames
 *(.debug_sfnames)

.debug_aranges  0x00000000     0x1108
 *(.debug_aranges)
 .debug_aranges
                0x00000000       0x60 .build/obj_helix_rev2_froggy/i2c.o
 .debug_aranges
                0x00000060       0x70 .build/obj_helix_rev2_froggy/serial.o
 .debug_aranges
                0x000000d0       0xb8 .build/obj_helix_rev2_froggy/ssd1306.o
 .debug_aranges
                0x00000188       0x98 .build/obj_helix_rev2_froggy/rev2/matrix.o
 .debug_aranges
                0x00000220       0x30 .build/obj_helix_rev2_froggy/rev2/split_util.o
 .debug_aranges
                0x00000250       0x30 .build/obj_helix_rev2_froggy/rev2/split_scomm.o
 .debug_aranges
                0x00000280       0x30 .build/obj_helix_rev2_froggy/keyboards/helix/rev2/rev2.o
 .debug_aranges
                0x000002b0       0x70 .build/obj_helix_rev2_froggy/keyboards/helix/rev2/keymaps/froggy/keymap.o
 .debug_aranges
                0x00000320      0x120 .build/obj_helix_rev2_froggy/quantum/quantum.o
 .debug_aranges
                0x00000440       0x40 .build/obj_helix_rev2_froggy/quantum/keymap_common.o
 .debug_aranges
                0x00000480       0x28 .build/obj_helix_rev2_froggy/quantum/keycode_config.o
 .debug_aranges
                0x000004a8       0x20 .build/obj_helix_rev2_froggy/quantum/color.o
 .debug_aranges
                0x000004c8      0x298 .build/obj_helix_rev2_froggy/quantum/rgblight.o
 .debug_aranges
                0x00000760       0x40 .build/obj_helix_rev2_froggy/ws2812.o
 .debug_aranges
                0x000007a0       0x18 .build/obj_helix_rev2_froggy/quantum/led_tables.o
 .debug_aranges
                0x000007b8       0x28 .build/obj_helix_rev2_froggy/quantum/process_keycode/process_space_cadet.o
 .debug_aranges
                0x000007e0       0x60 .build/obj_helix_rev2_froggy/common/host.o
 .debug_aranges
                0x00000840       0x60 .build/obj_helix_rev2_froggy/common/keyboard.o
 .debug_aranges
                0x000008a0       0xc0 .build/obj_helix_rev2_froggy/common/action.o
 .debug_aranges
                0x00000960       0x48 .build/obj_helix_rev2_froggy/common/action_tapping.o
 .debug_aranges
                0x000009a8       0x20 .build/obj_helix_rev2_froggy/common/action_macro.o
 .debug_aranges
                0x000009c8       0xe0 .build/obj_helix_rev2_froggy/common/action_layer.o
 .debug_aranges
                0x00000aa8      0x148 .build/obj_helix_rev2_froggy/common/action_util.o
 .debug_aranges
                0x00000bf0       0x18 .build/obj_helix_rev2_froggy/common/debug.o
 .debug_aranges
                0x00000c08       0xe8 .build/obj_helix_rev2_froggy/common/eeconfig.o
 .debug_aranges
                0x00000cf0       0x50 .build/obj_helix_rev2_froggy/common/report.o
 .debug_aranges
                0x00000d40       0x58 .build/obj_helix_rev2_froggy/common/avr/suspend.o
 .debug_aranges
                0x00000d98       0x50 .build/obj_helix_rev2_froggy/common/avr/timer.o
 .debug_aranges
                0x00000de8       0x28 .build/obj_helix_rev2_froggy/common/avr/bootloader.o
 .debug_aranges
                0x00000e10       0x20 .build/obj_helix_rev2_froggy/common/magic.o
 .debug_aranges
                0x00000e30       0x80 .build/obj_helix_rev2_froggy/lufa.o
 .debug_aranges
                0x00000eb0       0x20 .build/obj_helix_rev2_froggy/usb_descriptor.o
 .debug_aranges
                0x00000ed0       0x38 .build/obj_helix_rev2_froggy/outputselect.o
 .debug_aranges
                0x00000f08       0x20 .build/obj_helix_rev2_froggy/lib/lufa/LUFA/Drivers/USB/Core/AVR8/Device_AVR8.o
 .debug_aranges
                0x00000f28       0xc8 .build/obj_helix_rev2_froggy/lib/lufa/LUFA/Drivers/USB/Core/AVR8/EndpointStream_AVR8.o
 .debug_aranges
                0x00000ff0       0x40 .build/obj_helix_rev2_froggy/lib/lufa/LUFA/Drivers/USB/Core/AVR8/Endpoint_AVR8.o
 .debug_aranges
                0x00001030       0x30 .build/obj_helix_rev2_froggy/lib/lufa/LUFA/Drivers/USB/Core/AVR8/USBController_AVR8.o
 .debug_aranges
                0x00001060       0x38 .build/obj_helix_rev2_froggy/lib/lufa/LUFA/Drivers/USB/Core/AVR8/USBInterrupt_AVR8.o
 .debug_aranges
                0x00001098       0x20 .build/obj_helix_rev2_froggy/lib/lufa/LUFA/Drivers/USB/Core/DeviceStandardReq.o
 .debug_aranges
                0x000010b8       0x30 .build/obj_helix_rev2_froggy/lib/lufa/LUFA/Drivers/USB/Core/Events.o
 .debug_aranges
                0x000010e8       0x20 .build/obj_helix_rev2_froggy/lib/lufa/LUFA/Drivers/USB/Core/USBTask.o

.debug_pubnames
 *(.debug_pubnames)

.debug_info     0x00000000    0x18f67
 *(.debug_info .gnu.linkonce.wi.*)